worstSlack    count   endpoint-class
------------------------------------------------------------------------------------------
    -1.735       77   conv2/u_ot/yim_reg
    -1.728      160   conv2/u_ot/yre_reg
    -1.579      101   conv2/u_ot/y16_flat_reg
    -1.531      102   conv2/lane.u_mul/a_q_reg
    -1.421      200   conv2/lane.u_mul/g_wpe.w_q_op2_reg_srl2
    -1.400      164   conv2/lane.u_mul/g_wpe.wmem_op_reg_0_31_0_5/RAMB_D1
    -1.400      158   conv2/lane.u_mul/g_wpe.wmem_op_reg_0_31_0_5/RAMA
    -1.400      165   conv2/lane.u_mul/g_wpe.wmem_op_reg_0_31_0_5/RAMB
    -1.400      157   conv2/lane.u_mul/g_wpe.wmem_op_reg_0_31_0_5/RAMC
    -1.400      123   conv2/lane.u_mul/g_wpe.wmem_op_reg_0_31_0_5/RAMD
    -1.400      152   conv2/lane.u_mul/g_wpe.wmem_op_reg_0_31_0_5/RAMA_D1
    -1.400      123   conv2/lane.u_mul/g_wpe.wmem_op_reg_0_31_0_5/RAMD_D1
    -1.400      162   conv2/lane.u_mul/g_wpe.wmem_op_reg_0_31_0_5/RAMC_D1
    -1.382      950   conv2/tile_out_reg
    -1.382        1   conv2/mul_en_q3_reg_rep__65
    -1.372       21   conv1/pe_packed_w_r_reg_rep
    -1.372       21   conv1/pe_packed_w_r_reg_rep__0
    -1.371      164   conv2/lane.u_mul/g_wpe.wmem_op_reg_0_31_6_11/RAMB_D1
    -1.347        1   conv1/gen_bc_delay.pe_en_sr_reg_rep__30
    -1.347        1   conv1/gen_bc_delay.pe_en_sr_reg_rep__29
    -1.347        1   conv1/gen_bc_delay.pe_en_sr_reg_rep__32
    -1.347        1   conv1/gen_bc_delay.pe_en_sr_reg_rep__33
    -1.343        1   conv1/gen_bc_delay.pe_en_sr_reg_rep__26
    -1.343        1   conv1/gen_bc_delay.pe_en_sr_reg_rep__28
    -1.340      219   conv2/gpre_q_reg
    -1.331        1   conv1/gen_bc_delay.pe_en_sr_reg_rep__27
    -1.331        1   conv1/gen_bc_delay.pe_en_sr_reg_rep__34
    -1.328        1   conv1/gen_bc_delay.pe_en_sr_reg_rep__6
    -1.328        1   conv1/gen_bc_delay.pe_en_sr_reg_rep__25
    -1.318      111   conv2/lane.u_mul/g_wpe.wmem_op_reg_0_31_6_11/RAMD_D1
    -1.318      161   conv2/lane.u_mul/g_wpe.wmem_op_reg_0_31_6_11/RAMC_D1
    -1.318      147   conv2/lane.u_mul/g_wpe.wmem_op_reg_0_31_6_11/RAMA_D1
    -1.318      150   conv2/lane.u_mul/g_wpe.wmem_op_reg_0_31_6_11/RAMA
    -1.318      154   conv2/lane.u_mul/g_wpe.wmem_op_reg_0_31_6_11/RAMB
    -1.318      152   conv2/lane.u_mul/g_wpe.wmem_op_reg_0_31_6_11/RAMC
    -1.318      111   conv2/lane.u_mul/g_wpe.wmem_op_reg_0_31_6_11/RAMD
    -1.309        3   conv2/u_rb/g_row.mem_reg_r6_0_63_15_17/RAMA
    -1.309        2   conv2/u_rb/g_row.mem_reg_r6_0_63_15_17/RAMB
    -1.309        2   conv2/u_rb/g_row.mem_reg_r6_0_63_15_17/RAMC
    -1.309        2   conv2/u_rb/g_row.mem_reg_r6_0_63_15_17/RAMD
    -1.308      138   conv2/acc_re_reg
    -1.308       24   conv2/acc_im_reg
    -1.305        1   conv2/mul_en_q3_reg_rep__203
    -1.303       16   conv1/gen_g4.pe/mul0_reg
    -1.303        8   conv1/gen_g1.pe/mul0_reg
    -1.301        2   conv2/mul_en_q3_reg_rep__143
    -1.301        2   conv2/mul_en_q3_reg_rep__89
    -1.301        2   conv2/mul_en_q3_reg_rep__96
    -1.300        2   conv2/u_rb/g_row.mem_reg_r1_0_63_57_59/RAMA
    -1.299        3   conv2/u_rb/g_row.mem_reg_r1_0_63_30_32/RAMB
    -1.298       16   conv1/gen_g2.pe/gen_wreg.w_regs_reg
    -1.297        3   conv2/u_rb/g_row.mem_reg_r1_0_63_60_62/RAMA
    -1.297        3   conv2/u_rb/g_row.mem_reg_r1_0_63_60_62/RAMB
    -1.297        5   conv2/u_rb/g_row.mem_reg_r1_0_63_60_62/RAMC
    -1.297        2   conv2/u_rb/g_row.mem_reg_r1_0_63_60_62/RAMD
    -1.295        1   conv2/u_rb/g_row.mem_reg_r2_0_63_36_38/RAMB
    -1.292       55   conv2/gpim_q_reg
    -1.291        1   conv2/u_wload/wm_addr_reg_rep__13_replica
    -1.287        2   conv1/gen_g3.pe/mul0_reg
    -1.285        2   conv2/u_rb/g_row.mem_reg_r5_0_63_42_44/RAMB
    -1.283        6   conv2/u_rb/g_row.mem_reg_r1_0_63_42_44/RAMB
    -1.282        6   conv2/u_rb/g_row.mem_reg_r1_0_63_12_14/RAMA
    -1.281        2   conv2/u_rb/g_row.mem_reg_r6_0_63_12_14/RAMA
    -1.281        1   conv2/u_rb/g_row.mem_reg_r6_0_63_12_14/RAMB
    -1.281        2   conv2/u_rb/g_row.mem_reg_r6_0_63_12_14/RAMC
    -1.281        1   conv2/u_rb/g_row.mem_reg_r6_0_63_12_14/RAMD
    -1.280       17   conv1/lb2/mem_reg
    -1.278        3   conv2/u_rb/g_row.mem_reg_r5_0_63_30_32/RAMB
    -1.278        1   conv1/gen_bc_delay.pe_en_sr_reg_rep__176
    -1.276       26   conv1/gen_g4.pe/gen_wreg.w_regs_reg
    -1.275        1   conv2/mul_en_q3_reg_rep__180
    -1.271        1   conv2/u_rb/g_row.mem_reg_r6_0_63_9_11/RAMA
    -1.271        1   conv2/u_rb/g_row.mem_reg_r6_0_63_9_11/RAMB
    -1.271        1   conv2/u_rb/g_row.mem_reg_r6_0_63_9_11/RAMC
    -1.271        1   conv2/u_rb/g_row.mem_reg_r6_0_63_9_11/RAMD
    -1.269        5   conv2/u_rb/g_row.mem_reg_r3_0_63_3_5/RAMC
    -1.268        4   conv2/u_rb/g_row.mem_reg_r4_0_63_42_44/RAMA
    -1.268        4   conv2/u_rb/g_row.mem_reg_r4_0_63_42_44/RAMB
    -1.268        5   conv2/u_rb/g_row.mem_reg_r4_0_63_42_44/RAMC
    -1.268        4   conv2/u_rb/g_row.mem_reg_r4_0_63_42_44/RAMD
    -1.264      110   conv2/tile6_q_reg
    -1.263        2   conv2/u_rb/g_row.mem_reg_r1_0_63_3_5/RAMA
    -1.263        1   conv2/u_rb/g_row.mem_reg_r1_0_63_3_5/RAMB
    -1.263        2   conv2/u_rb/g_row.mem_reg_r1_0_63_3_5/RAMC
    -1.263        1   conv2/u_rb/g_row.mem_reg_r1_0_63_3_5/RAMD
    -1.260       13   conv2/u_wload/wm_addr_reg_rep__9_replica
    -1.260        2   conv2/u_rb/wr_col_q_reg_rep__12
    -1.260        2   conv2/u_rb/wr_col_q_reg_rep__17
    -1.258        4   conv2/u_wload/wm_addr_reg_rep__7_replica_3
    -1.258        2   conv2/u_wload/wm_addr_reg_rep__7_replica
    -1.257        2   conv2/mul_en_q3_reg_rep__181
    -1.255        1   conv2/mul_en_q3_reg_rep__20
    -1.254       13   conv1/at_g2/g0_s3_reg
    -1.252        3   conv2/u_wload/wm_addr_reg_rep__1
    -1.252        3   conv2/pld_row_reg
    -1.251        1   conv1/gen_bc_delay.pe_en_sr_reg_rep__16
    -1.251        1   conv1/gen_bc_delay.pe_en_sr_reg_rep__17
    -1.251        2   conv1/gen_bc_delay.pe_en_sr_reg_rep__18
    -1.251        2   conv1/gen_bc_delay.pe_en_sr_reg_rep__19
    -1.251        1   conv1/gen_bc_delay.pe_en_sr_reg_rep__20
    -1.250        2   conv2/u_wload/wm_addr_reg_rep__1_replica_2
    -1.249        1   conv2/u_rb/wr_col_q_reg_rep__16
    -1.249        6   conv2/u_wload/wm_addr_reg_rep__12_replica
    -1.249        1   conv2/mul_en_q3_reg_rep__42
    -1.248        3   conv2/u_rb/g_row.mem_reg_r5_0_63_12_14/RAMC
    -1.247        3   conv2/u_rb/g_row.mem_reg_r4_0_63_9_11/RAMA
    -1.247        3   conv2/u_rb/g_row.mem_reg_r4_0_63_9_11/RAMB
    -1.247        3   conv2/u_rb/g_row.mem_reg_r4_0_63_9_11/RAMC
    -1.247        3   conv2/u_rb/g_row.mem_reg_r4_0_63_9_11/RAMD
    -1.246        2   conv2/u_rb/g_row.mem_reg_r5_0_63_54_56/RAMA
    -1.244       11   conv2/gic.u_it/tim_reg
    -1.244        8   fc/pe_inst/gen_ch.cell_inst/mul1_reg
    -1.243        1   conv2/u_rb/g_row.mem_reg_r2_0_63_18_20/RAMC
    -1.242        1   conv2/u_rb/g_row.mem_reg_r5_0_63_45_47/RAMC
    -1.241        5   conv2/u_rb/g_row.mem_reg_r1_0_63_12_14/RAMC
    -1.239        1   conv2/mul_en_q3_reg_rep__210
    -1.239        2   conv2/u_wload/wm_addr_reg_rep__1_replica_1
    -1.239        4   conv2/u_rb/g_row.mem_reg_r2_0_63_12_14/RAMC
    -1.238        1   conv2/u_rb/g_row.mem_reg_r4_0_63_45_47/RAMA
    -1.238        2   conv2/u_rb/g_row.mem_reg_r4_0_63_45_47/RAMB
    -1.238        2   conv2/u_rb/g_row.mem_reg_r4_0_63_45_47/RAMC
    -1.238        1   conv2/u_rb/g_row.mem_reg_r4_0_63_45_47/RAMD
    -1.237        3   conv2/u_rb/wr_col_q_reg_rep__1
    -1.234        1   conv2/u_rb/g_row.mem_reg_r6_0_63_30_32/RAMB
    -1.233        2   conv2/u_rb/g_row.mem_reg_r4_0_63_27_29/RAMA
    -1.232        4   conv2/u_rb/g_row.mem_reg_r3_0_63_12_14/RAMA
    -1.232        3   conv2/u_rb/g_row.mem_reg_r3_0_63_12_14/RAMB
    -1.232        3   conv2/u_rb/g_row.mem_reg_r3_0_63_12_14/RAMC
    -1.232        3   conv2/u_rb/g_row.mem_reg_r3_0_63_12_14/RAMD
    -1.230        2   conv2/mul_en_q3_reg_rep__150
    -1.230        1   conv2/u_rb/wr_col_q_reg_rep__22
    -1.230        9   conv2/u_wload/wm_addr_reg_rep__9_replica_1
    -1.228        1   conv1/gen_bc_delay.pe_en_sr_reg_rep__0
    -1.226        1   rst_leaf_reg_rep__270
    -1.219        6   conv2/u_rb/g_row.mem_reg_r3_0_63_51_53/RAMA
    -1.219        6   conv2/u_rb/g_row.mem_reg_r3_0_63_51_53/RAMB
    -1.219        6   conv2/u_rb/g_row.mem_reg_r3_0_63_51_53/RAMC
    -1.219        6   conv2/u_rb/g_row.mem_reg_r3_0_63_51_53/RAMD
    -1.219        1   rst_leaf_reg_rep__22
    -1.218        2   conv2/u_rb/g_row.mem_reg_r3_0_63_6_8/RAMB
    -1.217        1   conv2/u_rb/g_row.mem_reg_r5_0_63_3_5/RAMA
    -1.217        3   conv1/gen_g1.pe/gen_wreg.w_regs_reg
    -1.216        2   conv2/u_rb/g_row.mem_reg_r2_0_63_30_32/RAMA
    -1.216        2   conv2/u_rb/g_row.mem_reg_r2_0_63_30_32/RAMB
    -1.216        1   conv2/u_rb/g_row.mem_reg_r2_0_63_30_32/RAMC
    -1.216        1   conv2/u_rb/g_row.mem_reg_r2_0_63_30_32/RAMD
    -1.216        1   rst_leaf_reg_rep__275
    -1.214       19   maxpool/fsm/p01_flat_reg
    -1.214        3   conv1/wloader/pe_load_en_reg
    -1.214        3   conv2/u_rb/g_row.mem_reg_r3_0_63_48_50/RAMA
    -1.214        4   conv2/u_rb/g_row.mem_reg_r3_0_63_48_50/RAMB
    -1.214        4   conv2/u_rb/g_row.mem_reg_r3_0_63_48_50/RAMC
    -1.214        3   conv2/u_rb/g_row.mem_reg_r3_0_63_48_50/RAMD
    -1.214        1   conv1/gen_bc_delay.pe_en_sr_reg_rep__183
    -1.214        1   conv1/gen_bc_delay.pe_en_sr_reg_rep__184
    -1.214        1   conv1/gen_bc_delay.pe_en_sr_reg_rep__187
    -1.214        1   conv1/gen_bc_delay.pe_en_sr_reg_rep__190
    -1.214        2   conv2/u_rb/wr_col_q_reg_rep__5
    -1.213        2   conv2/u_rb/g_row.mem_reg_r5_0_63_12_14/RAMA
    -1.213        3   conv2/u_rb/g_row.mem_reg_r5_0_63_12_14/RAMB
    -1.213        2   conv2/u_rb/g_row.mem_reg_r5_0_63_12_14/RAMD
    -1.211        2   conv2/u_rb/g_row.mem_reg_r2_0_63_45_47/RAMA
    -1.211        2   conv2/u_rb/g_row.mem_reg_r2_0_63_45_47/RAMB
    -1.211        3   conv2/u_rb/g_row.mem_reg_r2_0_63_45_47/RAMC
    -1.211        2   conv2/u_rb/g_row.mem_reg_r2_0_63_45_47/RAMD
    -1.211        1   conv2/u_rb/g_row.mem_reg_r5_0_63_51_53/RAMA
    -1.211        2   conv2/u_rb/g_row.mem_reg_r5_0_63_51_53/RAMB
    -1.211        1   conv1/gen_bc_delay.pe_en_sr_reg_rep__4
    -1.211        1   conv2/u_rb/g_row.mem_reg_r5_0_63_51_53/RAMC
    -1.211        1   conv2/u_rb/g_row.mem_reg_r5_0_63_51_53/RAMD
    -1.210        1   conv2/mul_en_q3_reg_rep__195
    -1.210        1   conv1/gen_bc_delay.pe_en_sr_reg_rep__23
    -1.209        1   conv2/u_rb/g_row.mem_reg_r4_0_63_60_62/RAMB
    -1.208        2   conv2/mul_en_q3_reg_rep__204
    -1.208        1   rst_leaf_reg_rep__286
    -1.207        2   conv2/u_wload/wm_addr_reg_rep__7
    -1.207        1   conv2/u_rb/g_row.mem_reg_r1_0_63_39_41/RAMA
    -1.207        2   conv2/u_rb/g_row.mem_reg_r1_0_63_39_41/RAMB
    -1.207        2   conv2/u_rb/g_row.mem_reg_r1_0_63_39_41/RAMC
    -1.207        1   conv2/u_rb/g_row.mem_reg_r1_0_63_39_41/RAMD
    -1.207        1   rst_leaf_reg_rep__21
    -1.205        1   conv2/u_rb/g_row.mem_reg_r1_0_63_27_29/RAMC
    -1.204        2   conv2/u_rb/g_row.mem_reg_r2_0_63_15_17/RAMB
    -1.204       24   conv2/m_im_flat_reg
    -1.203        1   conv2/mul_en_q3_reg_rep__31
    -1.203        1   rst_leaf_reg_rep__417
    -1.201        2   conv2/u_rb/g_row.mem_reg_r1_0_63_24_26/RAMB
    -1.199        1   rst_leaf_reg_rep__551
    -1.199        4   conv2/u_rb/g_row.mem_reg_r6_0_63_36_38/RAMB
    -1.196        3   conv2/u_rb/g_row.mem_reg_r4_0_63_51_53/RAMA
    -1.196        3   conv2/u_rb/g_row.mem_reg_r4_0_63_51_53/RAMB
    -1.196        4   conv2/u_rb/g_row.mem_reg_r4_0_63_51_53/RAMC
    -1.196        3   conv2/u_rb/g_row.mem_reg_r4_0_63_51_53/RAMD
    -1.195        2   conv2/done_tcol_reg
    -1.194        1   rst_leaf_reg_rep__61
    -1.194        2   conv2/mul_en_q3_reg_rep__51
    -1.193        3   conv2/u_rb/g_row.mem_reg_r3_0_63_36_38/RAMB
    -1.192        1   conv2/u_rb/g_row.mem_reg_r1_0_63_6_8/RAMA
    -1.191        2   conv2/u_rb/g_row.mem_reg_r5_0_63_30_32/RAMC
    -1.190        1   rst_leaf_reg_rep__23
    -1.190        5   conv2/u_rb/g_row.mem_reg_r5_0_63_15_17/RAMA
    -1.187        1   conv2/u_rb/g_row.mem_reg_r3_0_63_36_38/RAMA
    -1.187        3   conv2/u_rb/g_row.mem_reg_r3_0_63_36_38/RAMC
    -1.187        1   conv2/u_rb/g_row.mem_reg_r3_0_63_36_38/RAMD
    -1.186        5   conv2/u_rb/g_row.mem_reg_r4_0_63_12_14/RAMA
    -1.186        4   conv2/u_rb/g_row.mem_reg_r5_0_63_15_17/RAMB
    -1.186        4   conv2/u_rb/g_row.mem_reg_r5_0_63_15_17/RAMC
    -1.186        4   conv2/u_rb/g_row.mem_reg_r5_0_63_15_17/RAMD
    -1.185        3   conv2/u_rb/g_row.mem_reg_r1_0_63_9_11/RAMA
    -1.185        4   conv2/u_rb/g_row.mem_reg_r1_0_63_9_11/RAMB
    -1.185        4   conv2/u_rb/g_row.mem_reg_r1_0_63_9_11/RAMC
    -1.185        3   conv2/u_rb/g_row.mem_reg_r1_0_63_9_11/RAMD
    -1.185        4   conv2/u_rb/g_row.mem_reg_r6_0_63_42_44/RAMA
    -1.185        5   conv2/u_rb/g_row.mem_reg_r6_0_63_42_44/RAMB
    -1.185        5   conv2/u_rb/g_row.mem_reg_r6_0_63_42_44/RAMC
    -1.185        4   conv2/u_rb/g_row.mem_reg_r6_0_63_42_44/RAMD
    -1.185        3   conv2/u_rb/wr_col_q_reg_rep__15
    -1.184        2   conv2/u_rb/wr_col_q_reg_rep__20
    -1.183        1   conv2/u_rb/g_row.mem_reg_r6_0_63_51_53/RAMA
    -1.183        1   conv2/u_rb/g_row.mem_reg_r6_0_63_51_53/RAMB
    -1.183        2   conv2/u_rb/g_row.mem_reg_r6_0_63_51_53/RAMC
    -1.183        1   conv2/u_rb/g_row.mem_reg_r6_0_63_51_53/RAMD
    -1.183        1   conv2/u_rb/g_row.mem_reg_r4_0_63_6_8/RAMB
    -1.182        1   conv2/u_rb/g_row.mem_reg_r4_0_63_0_2/RAMA
    -1.182        1   conv2/u_rb/g_row.mem_reg_r4_0_63_0_2/RAMB
    -1.182        2   conv2/u_rb/g_row.mem_reg_r4_0_63_0_2/RAMC
    -1.182        1   conv2/u_rb/g_row.mem_reg_r4_0_63_0_2/RAMD
    -1.181        1   conv2/u_rb/g_row.mem_reg_r4_0_63_3_5/RAMA
    -1.181        2   conv2/u_rb/g_row.mem_reg_r4_0_63_3_5/RAMB
    -1.181        2   conv2/u_rb/g_row.mem_reg_r4_0_63_3_5/RAMC
    -1.181        1   conv2/u_rb/g_row.mem_reg_r4_0_63_3_5/RAMD
    -1.181        1   rst_leaf_reg_rep__287
    -1.180        1   conv2/mul_en_q3_reg_rep__122
    -1.179        2   conv2/u_rb/g_row.mem_reg_r1_0_63_36_38/RAMA
    -1.179        4   conv2/u_wload/wm_addr_reg_rep__11_replica
    -1.179        1   conv2/mul_en_q3_reg_rep__38
    -1.178        3   conv2/u_rb/g_row.mem_reg_r4_0_63_15_17/RAMA
    -1.178        3   conv2/u_rb/g_row.mem_reg_r4_0_63_15_17/RAMB
    -1.178        2   conv2/u_rb/g_row.mem_reg_r4_0_63_15_17/RAMC
    -1.178        2   conv2/u_rb/g_row.mem_reg_r4_0_63_15_17/RAMD
    -1.178        1   conv2/mul_en_q3_reg_rep__102
    -1.177        1   conv2/mul_en_q3_reg_rep__199
    -1.177        3   conv2/u_rb/g_row.mem_reg_r2_0_63_27_29/RAMA
    -1.177        1   rst_leaf_reg_rep__338
    -1.177        3   conv2/u_rb/wr_col_q_reg_rep__0
    -1.176        3   conv2/u_rb/g_row.mem_reg_r2_0_63_51_53/RAMB
    -1.175        2   conv2/u_rb/g_row.mem_reg_r2_0_63_9_11/RAMA
    -1.175        2   conv2/u_rb/g_row.mem_reg_r2_0_63_9_11/RAMB
    -1.175        2   conv2/u_rb/g_row.mem_reg_r2_0_63_9_11/RAMC
    -1.175        2   conv2/u_rb/g_row.mem_reg_r2_0_63_9_11/RAMD
    -1.175        1   conv2/u_rb/g_row.mem_reg_r1_0_63_24_26/RAMA
    -1.175        1   conv2/u_rb/g_row.mem_reg_r1_0_63_24_26/RAMC
    -1.175        1   conv2/u_rb/g_row.mem_reg_r1_0_63_24_26/RAMD
    -1.174        6   conv2/u_wload/wm_addr_reg_rep__10_replica
    -1.174        1   rst_l1_reg_rep
    -1.174        1   conv2/u_rb/g_row.mem_reg_r3_0_63_33_35/RAMA
    -1.174        2   conv2/u_rb/g_row.mem_reg_r3_0_63_33_35/RAMB
    -1.174        1   conv2/u_rb/g_row.mem_reg_r3_0_63_33_35/RAMC
    -1.174        1   conv2/u_rb/g_row.mem_reg_r3_0_63_33_35/RAMD
    -1.174        1   rst_leaf_reg_rep__339
    -1.174        2   conv1/gen_bc_delay.pe_en_sr_reg_rep__168
    -1.174        2   conv1/gen_bc_delay.pe_en_sr_reg_rep__192
    -1.173        1   rst_leaf_reg_rep__289
    -1.172        1   conv2/u_rb/g_row.mem_reg_r2_0_63_18_20/RAMB
    -1.172        1   conv2/u_rb/g_row.mem_reg_r1_0_63_33_35/RAMA
    -1.172        1   conv2/u_rb/g_row.mem_reg_r1_0_63_33_35/RAMB
    -1.172        1   conv2/u_rb/g_row.mem_reg_r1_0_63_33_35/RAMC
    -1.172        1   conv2/u_rb/g_row.mem_reg_r1_0_63_33_35/RAMD
    -1.170        3   conv2/u_rb/g_row.mem_reg_r3_0_63_39_41/RAMC
    -1.169        1   rst_leaf_reg_rep__533
    -1.169        1   rst_l1_reg_rep__0
    -1.167        2   conv2/u_rb/g_row.mem_reg_r4_0_63_57_59/RAMB
    -1.166        3   conv2/u_rb/g_row.mem_reg_r4_0_63_18_20/RAMA
    -1.166        3   conv2/u_rb/g_row.mem_reg_r4_0_63_18_20/RAMB
    -1.166        3   conv2/u_rb/g_row.mem_reg_r4_0_63_18_20/RAMC
    -1.166        3   conv2/u_rb/g_row.mem_reg_r4_0_63_18_20/RAMD
    -1.166        2   conv1/gen_bc_delay.pe_en_sr_reg_rep__195
    -1.165       39   conv1/lb1/mem_reg
    -1.165        1   conv1/gen_bc_delay.pe_en_sr_reg
    -1.164        1   conv2/u_rb/g_row.mem_reg_r5_0_63_57_59/RAMB
    -1.164        3   conv2/u_rb/g_row.mem_reg_r2_0_63_39_41/RAMA
    -1.164        2   conv2/u_rb/g_row.mem_reg_r2_0_63_39_41/RAMB
    -1.164        2   conv2/u_rb/g_row.mem_reg_r2_0_63_39_41/RAMC
    -1.164        2   conv2/u_rb/g_row.mem_reg_r2_0_63_39_41/RAMD
    -1.163        2   fc/adder_inst/e1_reg
    -1.163        2   conv2/u_rb/g_row.mem_reg_r3_0_63_60_62/RAMC
    -1.162        1   conv2/u_rb/g_row.mem_reg_r4_0_63_57_59/RAMA
    -1.162        2   conv2/u_rb/g_row.mem_reg_r4_0_63_57_59/RAMC
    -1.162        1   conv2/u_rb/g_row.mem_reg_r4_0_63_57_59/RAMD
    -1.162        1   conv2/u_rb/g_row.mem_reg_r1_0_63_21_23/RAMA
    -1.162        1   conv2/u_rb/g_row.mem_reg_r1_0_63_21_23/RAMB
    -1.162        1   conv2/u_rb/g_row.mem_reg_r1_0_63_21_23/RAMC
    -1.162        1   conv2/u_rb/g_row.mem_reg_r1_0_63_21_23/RAMD
    -1.162        1   conv2/u_rb/wr_col_q_reg_rep__18
    -1.162        1   conv1/gen_bc_delay.pe_en_sr_reg_rep__191
    -1.161        4   conv2/u_rb/g_row.mem_reg_r3_0_63_15_17/RAMA
    -1.161        3   conv2/u_rb/g_row.mem_reg_r3_0_63_15_17/RAMB
    -1.161        3   conv2/u_rb/g_row.mem_reg_r3_0_63_15_17/RAMC
    -1.161        3   conv2/u_rb/g_row.mem_reg_r3_0_63_15_17/RAMD
    -1.161        1   conv1/gen_bc_delay.pe_en_sr_reg_rep__199
    -1.161        2   conv2/u_rb/g_row.mem_reg_r5_0_63_18_20/RAMA
    -1.160        4   conv2/u_rb/g_row.mem_reg_r3_0_63_3_5/RAMB
    -1.160        1   conv2/u_rb/g_row.mem_reg_r5_0_63_36_38/RAMB
    -1.160        1   conv2/u_rb/g_row.mem_reg_r2_0_63_54_56/RAMA
    -1.160        1   conv2/u_rb/g_row.mem_reg_r2_0_63_54_56/RAMB
    -1.160        1   conv2/u_rb/g_row.mem_reg_r2_0_63_54_56/RAMC
    -1.160        1   conv2/u_rb/g_row.mem_reg_r2_0_63_54_56/RAMD
    -1.160        1   conv1/gen_bc_delay.pe_en_sr_reg_rep__189
    -1.160        1   conv1/gen_bc_delay.pe_en_sr_reg_rep__197
    -1.157        2   conv2/u_rb/g_row.mem_reg_r6_0_63_36_38/RAMA
    -1.157        2   conv2/u_rb/g_row.mem_reg_r6_0_63_36_38/RAMC
    -1.157        2   conv2/u_rb/g_row.mem_reg_r6_0_63_36_38/RAMD
    -1.157        1   rst_leaf_reg_rep__404
    -1.157        1   conv2/u_rb/g_row.mem_reg_r2_0_63_60_62/RAMA
    -1.157        1   conv2/u_rb/g_row.mem_reg_r2_0_63_60_62/RAMB
    -1.157        2   conv2/u_rb/g_row.mem_reg_r2_0_63_60_62/RAMC
    -1.157        1   conv2/u_rb/g_row.mem_reg_r2_0_63_60_62/RAMD
    -1.156        1   conv2/u_rb/g_row.mem_reg_r3_0_63_60_62/RAMA
    -1.156        1   conv2/u_rb/g_row.mem_reg_r3_0_63_60_62/RAMB
    -1.156        1   conv2/u_rb/g_row.mem_reg_r3_0_63_60_62/RAMD
    -1.155        1   rst_leaf_reg_rep__335
    -1.154        4   conv2/u_wload/wm_addr_reg_rep__12_replica_1
    -1.154        4   conv2/u_rb/g_row.mem_reg_r1_0_63_15_17/RAMC
    -1.153        3   conv2/u_wload/wm_addr_reg_rep__6_replica
    -1.152        2   conv2/mul_en_q3_reg_rep__63
    -1.151        2   fc/argmax_inst/r3_reg
    -1.149        1   conv2/u_rb/g_row.mem_reg_r2_0_63_18_20/RAMA
    -1.149        1   conv2/u_rb/g_row.mem_reg_r3_0_63_30_32/RAMB
    -1.147        1   conv2/u_rb/g_row.mem_reg_r3_0_63_45_47/RAMA
    -1.147        1   conv2/u_rb/g_row.mem_reg_r3_0_63_45_47/RAMB
    -1.147        1   conv2/u_rb/g_row.mem_reg_r3_0_63_45_47/RAMC
    -1.147        1   conv2/u_rb/g_row.mem_reg_r3_0_63_45_47/RAMD
    -1.145        2   conv1/gen_g2.pe/mul1_reg
    -1.145        1   rst_leaf_reg_rep__418
    -1.144        1   conv2/mul_en_q3_reg_rep__159
    -1.144        1   conv2/mul_en_q3_reg_rep__49
    -1.143        1   conv1/gen_bc_delay.pe_en_sr_reg_rep__179
    -1.143        1   conv1/gen_bc_delay.pe_en_sr_reg_rep__186
    -1.142        1   conv2/u_rb/g_row.mem_reg_r5_0_63_36_38/RAMC
    -1.141        3   conv2/u_rb/g_row.mem_reg_r3_0_63_3_5/RAMA
    -1.141        3   conv2/u_rb/g_row.mem_reg_r3_0_63_3_5/RAMD
    -1.141        2   conv2/u_wload/wm_addr_reg_rep__11_replica_2
    -1.141        1   rst_leaf_reg_rep__334
    -1.141        6   conv2/u_wload/wm_addr_reg_rep__12_replica_3
    -1.141        3   conv2/u_rb/g_row.mem_reg_r3_0_63_42_44/RAMB
    -1.141       10   fc/adder_inst/o1_reg
    -1.140        3   conv2/u_rb/g_row.mem_reg_r3_0_63_39_41/RAMA
    -1.140        1   conv2/u_rb/g_row.mem_reg_r1_0_63_57_59/RAMB
    -1.140        1   conv2/u_rb/g_row.mem_reg_r1_0_63_57_59/RAMC
    -1.140        1   conv2/u_rb/g_row.mem_reg_r1_0_63_57_59/RAMD
    -1.139       25   conv2/m_re_flat_reg
    -1.138        2   conv2/u_rb/wr_col_q_reg_rep__13
    -1.136        1   conv2/u_rb/g_row.mem_reg_r5_0_63_0_2/RAMA
    -1.135        2   conv2/mul_en_q3_reg_rep__136
    -1.135        1   rst_leaf_reg
    -1.135        7   conv1/tr/ch.out_flat_reg
    -1.135        1   conv1/gen_bc_delay.pe_en_sr_reg_rep__170
    -1.133        1   conv2/u_rb/wr_col_q_reg_rep__11
    -1.129        1   conv2/mul_en_q3_reg_rep__157
    -1.128        2   conv2/u_rb/wr_col_q_reg
    -1.128        1   conv2/u_rb/g_row.mem_reg_r5_0_63_42_44/RAMA
    -1.128        1   conv2/u_rb/g_row.mem_reg_r5_0_63_42_44/RAMC
    -1.128        1   conv2/u_rb/g_row.mem_reg_r5_0_63_42_44/RAMD
    -1.127        1   conv2/u_rb/g_row.mem_reg_r4_0_63_30_32/RAMC
    -1.127       14   conv2/c2_din_r_reg
    -1.126        3   conv2/u_rb/g_row.mem_reg_r2_0_63_12_14/RAMA
    -1.126        3   conv2/u_rb/g_row.mem_reg_r2_0_63_12_14/RAMB
    -1.126        3   conv2/u_rb/g_row.mem_reg_r2_0_63_12_14/RAMD
    -1.126        1   conv2/mul_en_q3_reg_rep__33
    -1.126        1   conv1/gen_bc_delay.pe_en_sr_reg_rep__180
    -1.126        1   conv1/gen_bc_delay.pe_en_sr_reg_rep__198
    -1.124        1   conv2/u_rb/g_row.mem_reg_r2_0_63_3_5/RAMB
    -1.122        5   conv1/win/win_r2_reg
    -1.121        2   conv2/u_rb/g_row.mem_reg_r2_0_63_42_44/RAMA
    -1.121        2   conv2/u_rb/g_row.mem_reg_r2_0_63_42_44/RAMB
    -1.121        3   conv2/u_rb/g_row.mem_reg_r2_0_63_42_44/RAMC
    -1.121        2   conv2/u_rb/g_row.mem_reg_r2_0_63_42_44/RAMD
    -1.120        3   conv1/win/win_r1_reg
    -1.118        2   conv2/u_rb/g_row.mem_reg_r5_0_63_54_56/RAMB
    -1.118        1   rst_leaf_reg_rep__416
    -1.117        1   conv2/mul_en_q3_reg_rep__32
    -1.115       15   conv1/gen_g3.pe/gen_wreg.w_regs_reg
    -1.114        1   rst_leaf_reg_rep__171
    -1.113        5   conv2/u_rb/g_row.mem_reg_r1_0_63_42_44/RAMA
    -1.113        5   conv2/u_rb/g_row.mem_reg_r1_0_63_42_44/RAMC
    -1.113        5   conv2/u_rb/g_row.mem_reg_r1_0_63_42_44/RAMD
    -1.111       15   conv2/gic.u_it/tre_reg
    -1.111        2   conv2/u_wload/wm_addr_reg_rep__12_replica_2
    -1.109        1   conv2/mul_en_q3_reg_rep__142
    -1.109        1   conv1/gen_bc_delay.pe_en_sr_reg_rep__5
    -1.109        5   conv2/u_wload/wm_addr_reg_rep__2_replica
    -1.109        1   conv2/u_rb/wr_col_q_reg_rep__7
    -1.108        1   conv2/u_rb/g_row.mem_reg_r5_0_63_57_59/RAMA
    -1.108        1   conv1/gen_bc_delay.pe_en_sr_reg_rep__193
    -1.108        2   conv2/u_rb/g_row.mem_reg_r3_0_63_27_29/RAMA
    -1.107        1   conv2/u_rb/g_row.mem_reg_r4_0_63_33_35/RAMA
    -1.107        1   conv2/u_rb/g_row.mem_reg_r4_0_63_33_35/RAMB
    -1.107        1   conv2/u_rb/g_row.mem_reg_r4_0_63_33_35/RAMC
    -1.107        1   conv2/u_rb/g_row.mem_reg_r4_0_63_33_35/RAMD
    -1.107        1   conv1/gen_bc_delay.pe_en_sr_reg_rep__196
    -1.107        1   conv2/mul_en_q3_reg_rep__101
    -1.105       14   res_wr_ptr_reg
    -1.105        1   conv2/u_rb/g_row.mem_reg_r2_0_63_36_38/RAMA
    -1.105        1   conv2/u_rb/g_row.mem_reg_r2_0_63_3_5/RAMC
    -1.102        2   conv2/mul_en_q3_reg_rep__134
    -1.102        1   conv2/mul_en_q3_reg_rep__141
    -1.102        1   conv2/u_rb/g_row.mem_reg_r5_0_63_3_5/RAMC
    -1.102        1   conv2/mul_en_q3_reg_rep__50
    -1.102        1   conv2/mul_en_q3_reg_rep__60
    -1.102        1   conv2/mul_en_q3_reg_rep__87
    -1.100        1   conv2/u_rb/g_row.mem_reg_r4_0_63_27_29/RAMB
    -1.100        1   conv2/u_rb/g_row.mem_reg_r4_0_63_27_29/RAMC
    -1.100        1   conv2/u_rb/g_row.mem_reg_r4_0_63_27_29/RAMD
    -1.100        1   conv2/u_rb/wr_col_q_reg_rep__3
    -1.099        1   rst_leaf_reg_rep__340
    -1.097        1   rst_leaf_reg_rep__193
    -1.096        2   conv2/u_wload/wm_addr_reg_rep__9_replica_3
    -1.094        5   conv1/gen_g4.pe/mul1_reg
    -1.093        1   rst_leaf_reg_rep__248
    -1.091        1   rst_leaf_reg_rep__151
    -1.091        3   conv2/u_rb/g_row.mem_reg_r4_0_63_48_50/RAMA
    -1.091        3   conv2/u_rb/g_row.mem_reg_r4_0_63_48_50/RAMB
    -1.091        3   conv2/u_rb/g_row.mem_reg_r4_0_63_48_50/RAMC
    -1.091        3   conv2/u_rb/g_row.mem_reg_r4_0_63_48_50/RAMD
    -1.091        5   conv2/u_rb/g_row.mem_reg_r4_0_63_12_14/RAMC
    -1.091        1   conv1/gen_bc_delay.pe_en_sr_reg_rep__69
    -1.091        1   conv1/gen_bc_delay.pe_en_sr_reg_rep__71
    -1.091        2   conv1/gen_bc_delay.pe_en_sr_reg_rep__200
    -1.091        2   conv1/gen_bc_delay.pe_en_sr_reg_rep__201
    -1.090        1   conv2/u_rb/g_row.mem_reg_r1_0_63_54_56/RAMA
    -1.090        1   conv2/u_rb/g_row.mem_reg_r1_0_63_54_56/RAMB
    -1.090        1   conv2/u_rb/g_row.mem_reg_r1_0_63_54_56/RAMC
    -1.090        1   conv2/u_rb/g_row.mem_reg_r1_0_63_54_56/RAMD
    -1.089        5   conv2/u_rb/g_row.mem_reg_r6_0_63_45_47/RAMA
    -1.089        5   conv2/u_rb/g_row.mem_reg_r6_0_63_45_47/RAMB
    -1.089        6   conv2/u_rb/g_row.mem_reg_r6_0_63_45_47/RAMC
    -1.089        5   conv2/u_rb/g_row.mem_reg_r6_0_63_45_47/RAMD
    -1.089        1   conv2/mul_en_q3_reg_rep__147
    -1.088        1   rst_leaf_reg_rep__277
    -1.088        1   conv2/u_rb/g_row.mem_reg_r5_0_63_48_50/RAMC
    -1.087        1   conv1/gen_bc_delay.pe_en_sr_reg_rep__164
    -1.086        1   conv2/u_rb/g_row.mem_reg_r1_0_63_6_8/RAMC
    -1.085        1   conv2/mul_en_q3_reg_rep__119
    -1.084        3   conv2/u_rb/g_row.mem_reg_r6_0_63_48_50/RAMA
    -1.084        3   conv2/u_rb/g_row.mem_reg_r6_0_63_48_50/RAMB
    -1.084        3   conv2/u_rb/g_row.mem_reg_r6_0_63_48_50/RAMC
    -1.084        3   conv2/u_rb/g_row.mem_reg_r6_0_63_48_50/RAMD
    -1.083        1   conv2/c2_addr_r_reg
    -1.082        1   conv2/u_rb/g_row.mem_reg_r1_0_63_36_38/RAMB
    -1.082        1   conv2/u_rb/g_row.mem_reg_r1_0_63_36_38/RAMC
    -1.082        1   conv2/u_rb/g_row.mem_reg_r1_0_63_36_38/RAMD
    -1.081       14   conv2/lane.u_mul/pim_q_reg
    -1.080        1   conv2/u_rb/wr_set_q_reg_rep
    -1.079        2   conv2/u_rb/g_row.mem_reg_r2_0_63_6_8/RAMC
    -1.079        5   conv2/u_rb/g_row.mem_reg_r4_0_63_12_14/RAMB
    -1.079        4   conv2/u_rb/g_row.mem_reg_r4_0_63_12_14/RAMD
    -1.079        1   conv1/gen_bc_delay.pe_en_sr_reg_rep__79
    -1.078        1   conv2/u_rb/g_row.mem_reg_r5_0_63_0_2/RAMC
    -1.078        8   fc/adder_inst/e3_reg
    -1.077        1   conv2/u_rb/g_row.mem_reg_r5_0_63_45_47/RAMA
    -1.076        4   conv2/u_rb/g_row.mem_reg_r1_0_63_12_14/RAMB
    -1.076        4   conv2/u_rb/g_row.mem_reg_r1_0_63_12_14/RAMD
    -1.074        1   rst_leaf_reg_rep__320
    -1.073        2   conv2/tile_cnt_reg_rep__9
    -1.073        1   conv2/u_rb/g_row.mem_reg_r1_0_63_18_20/RAMB
    -1.071        1   rst_leaf_reg_rep__276
    -1.070        1   conv1/gen_bc_delay.pe_en_sr_reg_rep
    -1.070        1   conv1/gen_bc_delay.pe_en_sr_reg_rep__15
    -1.070        1   conv1/gen_bc_delay.pe_en_sr_reg_rep__24
    -1.069        3   conv2/u_rb/g_row.mem_reg_r2_0_63_48_50/RAMA
    -1.069        3   conv2/u_rb/g_row.mem_reg_r2_0_63_48_50/RAMB
    -1.069        3   conv2/u_rb/g_row.mem_reg_r2_0_63_48_50/RAMC
    -1.069        3   conv2/u_rb/g_row.mem_reg_r2_0_63_48_50/RAMD
    -1.069        1   conv2/u_rb/g_row.mem_reg_r3_0_63_54_56/RAMB
    -1.067        2   conv2/u_rb/g_row.mem_reg_r5_0_63_30_32/RAMA
    -1.066       12   conv1/wloader/pe_packed_w_reg
    -1.065        2   conv2/u_rb/g_row.mem_reg_r3_0_63_42_44/RAMA
    -1.065        3   conv2/u_rb/g_row.mem_reg_r3_0_63_42_44/RAMC
    -1.065        2   conv2/u_rb/g_row.mem_reg_r3_0_63_42_44/RAMD
    -1.064        1   rst_leaf_reg_rep__150
    -1.064        2   conv2/u_rb/wr_col_q_reg_rep
    -1.061        1   conv2/u_rb/g_row.mem_reg_r4_0_63_54_56/RAMA
    -1.061        1   conv2/u_rb/g_row.mem_reg_r4_0_63_54_56/RAMB
    -1.061        1   conv2/u_rb/g_row.mem_reg_r4_0_63_54_56/RAMC
    -1.061        1   conv2/u_rb/g_row.mem_reg_r4_0_63_54_56/RAMD
    -1.061        3   conv2/u_rb/g_row.mem_reg_r1_0_63_45_47/RAMA
    -1.061        3   conv2/u_rb/g_row.mem_reg_r1_0_63_45_47/RAMB
    -1.061        3   conv2/u_rb/g_row.mem_reg_r1_0_63_45_47/RAMC
    -1.061        3   conv2/u_rb/g_row.mem_reg_r1_0_63_45_47/RAMD
    -1.061        1   conv2/mul_en_q3_reg_rep__36
    -1.060        1   rst_leaf_reg_rep__288
    -1.059        1   conv2/u_rb/g_row.mem_reg_r2_0_63_0_2/RAMA
    -1.059        1   conv2/u_rb/g_row.mem_reg_r2_0_63_0_2/RAMB
    -1.059        2   conv2/u_rb/g_row.mem_reg_r2_0_63_0_2/RAMC
    -1.059        1   conv2/u_rb/g_row.mem_reg_r2_0_63_0_2/RAMD
    -1.057        1   rst_leaf_reg_rep__170
    -1.057        1   conv2/wr_tcol_reg_rep__0
    -1.057        1   conv2/wr_tcol_reg_rep__1
    -1.057        1   conv2/wr_tcol_reg_rep__4
    -1.057        1   conv2/wr_tcol_reg_rep__5
    -1.053        1   conv2/u_wload/wm_addr_reg_rep__1_replica
    -1.052        1   conv2/u_rb/g_row.mem_reg_r2_0_63_27_29/RAMB
    -1.052        1   conv2/u_rb/g_row.mem_reg_r2_0_63_27_29/RAMC
    -1.052        1   conv2/u_rb/g_row.mem_reg_r2_0_63_27_29/RAMD
    -1.048        1   conv2/u_rb/g_row.mem_reg_r2_0_63_57_59/RAMA
    -1.048        1   conv2/u_rb/g_row.mem_reg_r2_0_63_57_59/RAMB
    -1.048        1   conv2/u_rb/g_row.mem_reg_r2_0_63_57_59/RAMC
    -1.048        1   conv2/u_rb/g_row.mem_reg_r2_0_63_57_59/RAMD
    -1.048        2   conv1/gen_bc_delay.pe_en_sr_reg_rep__7
    -1.048        2   conv1/gen_bc_delay.pe_en_sr_reg_rep__8
    -1.048        1   conv1/gen_bc_delay.pe_en_sr_reg_rep__10
    -1.048        1   conv1/gen_bc_delay.pe_en_sr_reg_rep__11
    -1.048        2   conv1/gen_bc_delay.pe_en_sr_reg_rep__12
    -1.048        2   conv1/gen_bc_delay.pe_en_sr_reg_rep__14
    -1.048        1   conv1/gen_bc_delay.pe_en_sr_reg_rep__21
    -1.048        1   conv1/gen_bc_delay.pe_en_sr_reg_rep__22
    -1.047        2   conv2/mul_en_q3_reg_rep__58
    -1.045        1   rst_leaf_reg_rep__356
    -1.042        1   conv2/u_rb/g_row.mem_reg_r4_0_63_24_26/RAMA
    -1.042        2   conv2/u_rb/g_row.mem_reg_r4_0_63_24_26/RAMB
    -1.042        1   conv2/u_rb/g_row.mem_reg_r4_0_63_24_26/RAMC
    -1.042        1   conv2/u_rb/g_row.mem_reg_r4_0_63_24_26/RAMD
    -1.042        1   rst_leaf_reg_rep__1
    -1.042        1   conv2/u_rb/g_row.mem_reg_r5_0_63_6_8/RAMB
    -1.041        2   conv2/u_rb/g_row.mem_reg_r5_0_63_27_29/RAMA
    -1.041        1   conv2/u_rb/g_row.mem_reg_r5_0_63_27_29/RAMB
    -1.041        1   conv2/u_rb/g_row.mem_reg_r5_0_63_27_29/RAMC
    -1.041        1   conv2/u_rb/g_row.mem_reg_r5_0_63_27_29/RAMD
    -1.040        1   conv2/u_rb/g_row.mem_reg_r6_0_63_21_23/RAMC
    -1.037        1   rst_leaf_reg_rep__20
    -1.037        2   conv2/u_rb/g_row.mem_reg_r3_0_63_0_2/RAMC
    -1.036        1   conv2/u_rb/g_row.mem_reg_r4_0_63_21_23/RAMA
    -1.036        1   conv2/u_rb/g_row.mem_reg_r4_0_63_21_23/RAMB
    -1.036        1   conv2/u_rb/g_row.mem_reg_r4_0_63_21_23/RAMC
    -1.036        1   conv2/u_rb/g_row.mem_reg_r4_0_63_21_23/RAMD
    -1.031        1   conv2/u_rb/g_row.mem_reg_r1_0_63_30_32/RAMA
    -1.031        1   conv2/u_rb/g_row.mem_reg_r1_0_63_30_32/RAMC
    -1.031        1   conv2/u_rb/g_row.mem_reg_r1_0_63_30_32/RAMD
    -1.031        1   conv1/gen_bc_delay.pe_en_sr_reg_rep__167
    -1.031        1   conv1/gen_bc_delay.pe_en_sr_reg_rep__202
    -1.030        1   conv2/u_rb/g_row.mem_reg_r5_0_63_33_35/RAMB
    -1.030        2   conv2/u_rb/g_row.mem_reg_r3_0_63_0_2/RAMA
    -1.029        1   conv2/u_rb/g_row.mem_reg_r5_0_63_21_23/RAMB
    -1.029        1   conv2/u_rb/g_row.mem_reg_r3_0_63_0_2/RAMB
    -1.029        1   conv2/u_rb/g_row.mem_reg_r3_0_63_0_2/RAMD
    -1.028        1   rst_leaf_reg_rep__532
    -1.028        1   conv2/mul_en_q3_reg_rep__209
    -1.028        1   rst_leaf_reg_rep__550
    -1.027        1   conv2/u_rb/wr_col_q_reg_rep__19
    -1.026        1   conv2/u_rb/g_row.mem_reg_r6_0_63_0_2/RAMC
    -1.024        1   conv2/u_rb/g_row.mem_reg_r2_0_63_51_53/RAMA
    -1.024        1   conv2/u_rb/g_row.mem_reg_r2_0_63_51_53/RAMC
    -1.024        1   conv2/u_rb/g_row.mem_reg_r2_0_63_51_53/RAMD
    -1.024        1   conv2/mul_en_q3_reg_rep__34
    -1.022        1   rst_leaf_reg_rep__159
    -1.022        2   conv2/u_rb/g_row.mem_reg_r3_0_63_39_41/RAMB
    -1.022        2   conv2/u_rb/g_row.mem_reg_r3_0_63_39_41/RAMD
    -1.022        1   conv2/mul_en_q3_reg_rep__44
    -1.022        8   maxpool/mct/max_top_flat_reg
    -1.022        1   conv2/u_rb/g_row.mem_reg_r6_0_63_60_62/RAMA
    -1.022        1   conv2/u_rb/g_row.mem_reg_r6_0_63_60_62/RAMB
    -1.022        1   conv2/u_rb/g_row.mem_reg_r6_0_63_60_62/RAMC
    -1.022        1   conv2/u_rb/g_row.mem_reg_r6_0_63_60_62/RAMD
    -1.020        2   conv2/u_rb/g_row.mem_reg_r2_0_63_6_8/RAMB
    -1.020        2   conv2/u_rb/g_row.mem_reg_r6_0_63_54_56/RAMB
    -1.019        1   rst_leaf_reg_rep__206
    -1.019        1   rst_leaf_reg_rep__326
    -1.018        1   rst_leaf_reg_rep__158
    -1.017        1   conv2/mul_en_q3_reg_rep__53
    -1.017        1   rst_leaf_reg_rep__405
    -1.016        1   conv2/mul_en_q3_reg_rep__201
    -1.015        1   rst_leaf_reg_rep__358
    -1.015        1   conv2/mul_en_q3_reg_rep__55
    -1.014        1   conv2/u_rb/g_row.mem_reg_r6_0_63_33_35/RAMB
    -1.013        1   rst_leaf_reg_rep__274
    -1.013        1   conv2/mul_en_q3_reg_rep__48
    -1.013        3   conv2/u_wload/wm_op_reg
    -1.008        1   rst_l1_reg
    -1.007        1   conv2/mul_en_q3_reg_rep__194
    -1.006        1   conv2/u_rb/g_row.mem_reg_r1_0_63_6_8/RAMB
    -1.005        1   rst_leaf_reg_rep__419
    -1.000        1   conv2/u_rb/g_row.mem_reg_r2_0_63_6_8/RAMA
    -1.000        1   conv2/u_rb/g_row.mem_reg_r2_0_63_6_8/RAMD
    -1.000        1   rst_leaf_reg_rep__257
    -0.999        2   conv2/u_rb/g_row.mem_reg_r1_0_63_15_17/RAMA
    -0.998        1   conv2/u_rb/g_row.mem_reg_r5_0_63_24_26/RAMB
    -0.998        1   conv2/mul_en_q3_reg_rep__193
    -0.998        1   rst_leaf_reg_rep__249
    -0.998        1   conv2/mul_en_q3_reg_rep__74
    -0.996        2   conv2/u_rb/g_row.mem_reg_r5_0_63_60_62/RAMA
    -0.996        1   conv2/u_rb/g_row.mem_reg_r5_0_63_60_62/RAMB
    -0.996        2   conv2/u_rb/g_row.mem_reg_r5_0_63_60_62/RAMC
    -0.996        1   conv2/u_rb/g_row.mem_reg_r5_0_63_60_62/RAMD
    -0.994        1   conv2/u_rb/g_row.mem_reg_r6_0_63_3_5/RAMB
    -0.991        1   fc/first_pipe_reg
    -0.991        4   conv2/lane.u_mul/pre_q_reg
    -0.990        8   maxpool/fsm/p10_flat_reg
    -0.987        1   conv2/u_rb/g_row.mem_reg_r3_0_63_24_26/RAMA
    -0.987        1   conv2/u_rb/g_row.mem_reg_r3_0_63_24_26/RAMB
    -0.987        1   conv2/u_rb/g_row.mem_reg_r3_0_63_24_26/RAMC
    -0.987        1   conv2/u_rb/g_row.mem_reg_r3_0_63_24_26/RAMD
    -0.986        1   conv2/u_rb/g_row.mem_reg_r2_0_63_15_17/RAMA
    -0.986        1   conv2/u_rb/g_row.mem_reg_r2_0_63_15_17/RAMC
    -0.986        1   conv2/u_rb/g_row.mem_reg_r2_0_63_15_17/RAMD
    -0.984        1   rst_leaf_reg_rep__341
    -0.983        1   conv2/u_wload/wm_addr_reg_rep__7_replica_1
    -0.981        1   conv2/u_rb/g_row.mem_reg_r3_0_63_18_20/RAMA
    -0.981        1   conv2/u_rb/g_row.mem_reg_r3_0_63_18_20/RAMB
    -0.981        1   conv2/u_rb/g_row.mem_reg_r3_0_63_18_20/RAMC
    -0.981        1   conv2/u_rb/g_row.mem_reg_r3_0_63_18_20/RAMD
    -0.980        1   conv2/mul_en_q3_reg_rep__168
    -0.979        1   conv2/u_rb/g_row.mem_reg_r5_0_63_9_11/RAMA
    -0.979        1   conv2/u_rb/g_row.mem_reg_r5_0_63_9_11/RAMB
    -0.979        1   conv2/u_rb/g_row.mem_reg_r5_0_63_9_11/RAMC
    -0.979        1   conv2/u_rb/g_row.mem_reg_r5_0_63_9_11/RAMD
    -0.979        1   conv2/mul_en_q3_reg_rep__187
    -0.979        1   conv2/mul_en_q3_reg_rep__98
    -0.977        1   conv1/gen_bc_delay.pe_en_sr_reg_rep__185
    -0.975        1   conv2/u_rb/wr_col_q_reg_rep__9
    -0.974        1   conv2/mul_en_q3_reg_rep__120
    -0.972        2   conv2/tile_cnt_reg
    -0.971        1   conv2/tile_cnt_reg_rep__2
    -0.969        1   conv2/mul_en_q3_reg_rep__172
    -0.967        1   conv1/gen_bc_delay.pe_en_sr_reg_rep__165
    -0.967        1   rst_leaf_reg_rep__411
    -0.966        1   conv2/grp_q_reg_rep__53
    -0.965        1   conv2/u_rb/g_row.mem_reg_r1_0_63_27_29/RAMA
    -0.962        1   conv2/mul_en_q3_reg_rep__59
    -0.961        3   fc/pair_pipe_reg
    -0.961        1   conv2/u_rb/g_row.mem_reg_r2_0_63_24_26/RAMB
    -0.961        1   conv1/gen_bc_delay.pe_en_sr_reg_rep__172
    -0.961        1   fc/last_pipe_reg
    -0.961        1   conv2/u_rb/g_row.mem_reg_r5_0_63_18_20/RAMB
    -0.961        1   conv2/u_rb/g_row.mem_reg_r5_0_63_18_20/RAMC
    -0.961        1   conv2/u_rb/g_row.mem_reg_r5_0_63_18_20/RAMD
    -0.960        1   rst_leaf_reg_rep__300
    -0.959        2   conv2/u_rb/g_row.mem_reg_r2_0_63_33_35/RAMB
    -0.959        1   rst_leaf_reg_rep__296
    -0.959        1   conv1/gen_bc_delay.pe_en_sr_reg_rep__173
    -0.959        2   conv2/u_rb/g_row.mem_reg_r3_0_63_27_29/RAMC
    -0.957        2   conv2/u_rb/g_row.mem_reg_r1_0_63_48_50/RAMC
    -0.957        1   conv2/mul_en_q3_reg_rep__46
    -0.956        1   conv2/mul_en_q3_reg_rep__66
    -0.953        1   conv2/u_rb/g_row.mem_reg_r1_0_63_48_50/RAMA
    -0.953        1   conv2/u_rb/g_row.mem_reg_r1_0_63_48_50/RAMB
    -0.953        1   conv2/u_rb/g_row.mem_reg_r1_0_63_48_50/RAMD
    -0.953        1   conv2/u_rb/g_row.mem_reg_r6_0_63_24_26/RAMB
    -0.952        1   conv2/grp_q_reg_rep__47
    -0.951        1   conv2/u_rb/g_row.mem_reg_r6_0_63_54_56/RAMA
    -0.951        1   conv2/u_rb/g_row.mem_reg_r6_0_63_54_56/RAMC
    -0.951        1   conv2/u_rb/g_row.mem_reg_r6_0_63_54_56/RAMD
    -0.950        1   conv1/gen_bc_delay.pe_en_sr_reg_rep__9
    -0.949        1   conv2/tile_cnt_reg_rep__21
    -0.949        2   conv2/u_rb/g_row.mem_reg_r3_0_63_9_11/RAMA
    -0.949        1   conv2/u_rb/g_row.mem_reg_r3_0_63_9_11/RAMB
    -0.949        2   conv2/u_rb/g_row.mem_reg_r3_0_63_9_11/RAMC
    -0.949        1   conv2/u_rb/g_row.mem_reg_r3_0_63_9_11/RAMD
    -0.948        1   conv2/u_rb/g_row.mem_reg_r2_0_63_33_35/RAMA
    -0.948        1   conv2/u_rb/g_row.mem_reg_r2_0_63_33_35/RAMC
    -0.948        1   conv2/u_rb/g_row.mem_reg_r2_0_63_33_35/RAMD
    -0.948        1   conv2/u_rb/g_row.mem_reg_r3_0_63_27_29/RAMB
    -0.948        1   conv2/u_rb/g_row.mem_reg_r3_0_63_27_29/RAMD
    -0.947        1   conv1/gen_bc_delay.pe_en_sr_reg_rep__148
    -0.945        1   conv2/u_rb/g_row.mem_reg_r6_0_63_6_8/RAMB
    -0.945        1   conv2/u_rb/g_row.mem_reg_r2_0_63_36_38/RAMC
    -0.944        1   conv2/mul_en_q3_reg_rep__37
    -0.944        1   conv2/mul_en_q3_reg_rep__47
    -0.943        1   conv2/u_rb/g_row.mem_reg_r1_0_63_18_20/RAMA
    -0.942        1   conv2/mul_en_q3_reg_rep__151
    -0.942        1   conv2/u_rb/g_row.mem_reg_r1_0_63_15_17/RAMB
    -0.942        1   conv2/u_rb/g_row.mem_reg_r1_0_63_15_17/RAMD
    -0.941        1   conv2/rdone_r_reg
    -0.941        1   conv1/gen_bc_delay.pe_en_sr_reg_rep__161
    -0.940        1   conv2/u_rb/g_row.mem_reg_r5_0_63_30_32/RAMD
    -0.937        1   conv2/u_rb/g_row.mem_reg_r3_0_63_57_59/RAMB
    -0.935        1   conv1/gen_g1.pe/mul1_reg
    -0.935        1   rst_leaf_reg_rep__337
    -0.935        1   conv1/gen_bc_delay.pe_en_sr_reg_rep__65
    -0.934        1   conv2/u_wload/wm_addr_reg_rep__10_replica_1
    -0.932        1   rst_leaf_reg_rep__195
    -0.932        1   conv1/at_g2/g1_s3_reg
    -0.932        1   conv2/u_rb/g_row.mem_reg_r5_0_63_54_56/RAMC
    -0.932        1   conv2/u_rb/g_row.mem_reg_r5_0_63_54_56/RAMD
