Copyright 1986-2022 Xilinx, Inc. All Rights Reserved. Copyright 2022-2024 Advanced Micro Devices, Inc. All Rights Reserved.
---------------------------------------------------------------------------------------------------------------------------------------------
| Tool Version : Vivado v.2024.1 (win64) Build 5076996 Wed May 22 18:37:14 MDT 2024
| Date         : Tue Jun 16 22:54:37 2026
| Host         : DOHYUNKIM266E running 64-bit major release  (build 9200)
| Command      : report_design_analysis -timing -max_paths 10 -file C:/Users/gimdohyeon/wino_da_146.rpt
| Design       : cnn_accelerator_system_wrapper
| Device       : xc7a100t
| Design State : Routed
---------------------------------------------------------------------------------------------------------------------------------------------

Report Design Analysis

Table of Contents
-----------------
1. Setup Path Characteristics 1-10

1. Setup Path Characteristics 1-10
----------------------------------

+----------+-------------+------------+-------------+------------+------------+--------+-------------------+--------------------+-------------------+--------------+--------+----------------------------------------------------------------+---------------------------------------------+---------------------------------------------+-----------+---------------+--------------+------------------+---------------+---------+-------------+------------+------------+---------------------------+-------------------------+---------------------+---------------------+
|   Paths  | Requirement | Path Delay | Logic Delay |  Net Delay | Clock Skew |  Slack | Clock Uncertainty | Clock Relationship | Clock Delay Group | Logic Levels | Routes |                          Logical Path                          |              Start Point Clock              |               End Point Clock               | DSP Block | RAM Registers | IO Crossings | Config Crossings | SLR Crossings | PBlocks | High Fanout | Dont Touch | Mark Debug | Start Point Pin Primitive | End Point Pin Primitive |   Start Point Pin   |    End Point Pin    |
+----------+-------------+------------+-------------+------------+------------+--------+-------------------+--------------------+-------------------+--------------+--------+----------------------------------------------------------------+---------------------------------------------+---------------------------------------------+-----------+---------------+--------------+------------------+---------------+---------+-------------+------------+------------+---------------------------+-------------------------+---------------------+---------------------+
| Path #1  | 5.000       | 5.224      | 1.731(34%)  | 3.493(66%) | -0.113     | -0.342 | 0.067             | Safely Timed       | Same Clock        | 5            | 5      | FDRE/C-(1)-LUT3-(6)-LUT3-(4)-LUT5-(2)-CARRY4-(1)-CARRY4-FDRE/D | clk_out3_cnn_accelerator_system_clk_wiz_0_0 | clk_out3_cnn_accelerator_system_clk_wiz_0_0 | None      | None-None     | 0            | 0                | 0             | 0       | 6           | 0          | 0          | FDRE/C                    | FDRE/D                  | tile6_q_reg[956]/C  | tre_reg[2][2][10]/D |
| Path #2  | 5.000       | 5.235      | 1.926(37%)  | 3.309(63%) | -0.113     | -0.305 | 0.067             | Safely Timed       | Same Clock        | 5            | 5      | FDRE/C-(8)-LUT3-(9)-LUT3-(1)-CARRY4-(1)-CARRY4-CARRY4-FDRE/D   | clk_out3_cnn_accelerator_system_clk_wiz_0_0 | clk_out3_cnn_accelerator_system_clk_wiz_0_0 | None      | None-None     | 0            | 0                | 0             | 0       | 9           | 0          | 0          | FDRE/C                    | FDRE/D                  | grp_q_reg_rep__94/C | tre_reg[2][5][10]/D |
| Path #3  | 5.000       | 4.664      | 0.704(16%)  | 3.960(84%) | -0.039     | -0.302 | 0.067             | Safely Timed       | Same Clock        | 2            | 3      | FDRE/C-(1)-LUT4-(18)-LUT6-(16)-RAMD32/WE                       | clk_out3_cnn_accelerator_system_clk_wiz_0_0 | clk_out3_cnn_accelerator_system_clk_wiz_0_0 | None      | None-None     | 0            | 0                | 0             | 0       | 18          | 0          | 0          | FDRE/C                    | RAMD32/WE               | wm_we_q_reg/C       | RAMA/WE             |
| Path #4  | 5.000       | 4.664      | 0.704(16%)  | 3.960(84%) | -0.039     | -0.302 | 0.067             | Safely Timed       | Same Clock        | 2            | 3      | FDRE/C-(1)-LUT4-(18)-LUT6-(16)-RAMD32/WE                       | clk_out3_cnn_accelerator_system_clk_wiz_0_0 | clk_out3_cnn_accelerator_system_clk_wiz_0_0 | None      | None-None     | 0            | 0                | 0             | 0       | 18          | 0          | 0          | FDRE/C                    | RAMD32/WE               | wm_we_q_reg/C       | RAMA_D1/WE          |
| Path #5  | 5.000       | 4.664      | 0.704(16%)  | 3.960(84%) | -0.039     | -0.302 | 0.067             | Safely Timed       | Same Clock        | 2            | 3      | FDRE/C-(1)-LUT4-(18)-LUT6-(16)-RAMD32/WE                       | clk_out3_cnn_accelerator_system_clk_wiz_0_0 | clk_out3_cnn_accelerator_system_clk_wiz_0_0 | None      | None-None     | 0            | 0                | 0             | 0       | 18          | 0          | 0          | FDRE/C                    | RAMD32/WE               | wm_we_q_reg/C       | RAMB/WE             |
| Path #6  | 5.000       | 4.664      | 0.704(16%)  | 3.960(84%) | -0.039     | -0.302 | 0.067             | Safely Timed       | Same Clock        | 2            | 3      | FDRE/C-(1)-LUT4-(18)-LUT6-(16)-RAMD32/WE                       | clk_out3_cnn_accelerator_system_clk_wiz_0_0 | clk_out3_cnn_accelerator_system_clk_wiz_0_0 | None      | None-None     | 0            | 0                | 0             | 0       | 18          | 0          | 0          | FDRE/C                    | RAMD32/WE               | wm_we_q_reg/C       | RAMB_D1/WE          |
| Path #7  | 5.000       | 4.664      | 0.704(16%)  | 3.960(84%) | -0.039     | -0.302 | 0.067             | Safely Timed       | Same Clock        | 2            | 3      | FDRE/C-(1)-LUT4-(18)-LUT6-(16)-RAMD32/WE                       | clk_out3_cnn_accelerator_system_clk_wiz_0_0 | clk_out3_cnn_accelerator_system_clk_wiz_0_0 | None      | None-None     | 0            | 0                | 0             | 0       | 18          | 0          | 0          | FDRE/C                    | RAMD32/WE               | wm_we_q_reg/C       | RAMC/WE             |
| Path #8  | 5.000       | 4.664      | 0.704(16%)  | 3.960(84%) | -0.039     | -0.302 | 0.067             | Safely Timed       | Same Clock        | 2            | 3      | FDRE/C-(1)-LUT4-(18)-LUT6-(16)-RAMD32/WE                       | clk_out3_cnn_accelerator_system_clk_wiz_0_0 | clk_out3_cnn_accelerator_system_clk_wiz_0_0 | None      | None-None     | 0            | 0                | 0             | 0       | 18          | 0          | 0          | FDRE/C                    | RAMD32/WE               | wm_we_q_reg/C       | RAMC_D1/WE          |
| Path #9  | 5.000       | 4.664      | 0.704(16%)  | 3.960(84%) | -0.039     | -0.302 | 0.067             | Safely Timed       | Same Clock        | 2            | 3      | FDRE/C-(1)-LUT4-(18)-LUT6-(16)-RAMS32/WE                       | clk_out3_cnn_accelerator_system_clk_wiz_0_0 | clk_out3_cnn_accelerator_system_clk_wiz_0_0 | None      | None-None     | 0            | 0                | 0             | 0       | 18          | 0          | 0          | FDRE/C                    | RAMS32/WE               | wm_we_q_reg/C       | RAMD/WE             |
| Path #10 | 5.000       | 4.664      | 0.704(16%)  | 3.960(84%) | -0.039     | -0.302 | 0.067             | Safely Timed       | Same Clock        | 2            | 3      | FDRE/C-(1)-LUT4-(18)-LUT6-(16)-RAMS32/WE                       | clk_out3_cnn_accelerator_system_clk_wiz_0_0 | clk_out3_cnn_accelerator_system_clk_wiz_0_0 | None      | None-None     | 0            | 0                | 0             | 0       | 18          | 0          | 0          | FDRE/C                    | RAMS32/WE               | wm_we_q_reg/C       | RAMD_D1/WE          |
+----------+-------------+------------+-------------+------------+------------+--------+-------------------+--------------------+-------------------+--------------+--------+----------------------------------------------------------------+---------------------------------------------+---------------------------------------------+-----------+---------------+--------------+------------------+---------------+---------+-------------+------------+------------+---------------------------+-------------------------+---------------------+---------------------+
* Bounding box calculated as % of dimensions for the target device (244, 400)


