Copyright 1986-2022 Xilinx, Inc. All Rights Reserved. Copyright 2022-2024 Advanced Micro Devices, Inc. All Rights Reserved.
---------------------------------------------------------------------------------------------------------------------------------------------
| Tool Version : Vivado v.2024.1 (win64) Build 5076996 Wed May 22 18:37:14 MDT 2024
| Date         : Tue Jun 16 15:19:23 2026
| Host         : DOHYUNKIM266E running 64-bit major release  (build 9200)
| Command      : report_design_analysis -timing -max_paths 10 -file C:/Users/gimdohyeon/wino_da_146.rpt
| Design       : cnn_accelerator_system_wrapper
| Device       : xc7a100t
| Design State : Routed
---------------------------------------------------------------------------------------------------------------------------------------------

Report Design Analysis

Table of Contents
-----------------
1. Setup Path Characteristics 1-10

1. Setup Path Characteristics 1-10
----------------------------------

+----------+-------------+------------+-------------+------------+------------+--------+-------------------+--------------------+-------------------+--------------+--------+--------------------------------------------------------------------------+---------------------------------------------+---------------------------------------------+-----------+---------------+--------------+------------------+---------------+---------+-------------+------------+------------+---------------------------+-------------------------+------------------------------+---------------------+
|   Paths  | Requirement | Path Delay | Logic Delay |  Net Delay | Clock Skew |  Slack | Clock Uncertainty | Clock Relationship | Clock Delay Group | Logic Levels | Routes |                               Logical Path                               |              Start Point Clock              |               End Point Clock               | DSP Block | RAM Registers | IO Crossings | Config Crossings | SLR Crossings | PBlocks | High Fanout | Dont Touch | Mark Debug | Start Point Pin Primitive | End Point Pin Primitive |        Start Point Pin       |    End Point Pin    |
+----------+-------------+------------+-------------+------------+------------+--------+-------------------+--------------------+-------------------+--------------+--------+--------------------------------------------------------------------------+---------------------------------------------+---------------------------------------------+-----------+---------------+--------------+------------------+---------------+---------+-------------+------------+------------+---------------------------+-------------------------+------------------------------+---------------------+
| Path #1  | 5.000       | 5.027      | 1.790(36%)  | 3.237(64%) | -0.118     | -0.150 | 0.067             | Safely Timed       | Same Clock        | 5            | 5      | FDRE/C-(16)-LUT3-(6)-LUT3-(4)-LUT5-(2)-CARRY4-(1)-CARRY4-FDRE/D          | clk_out3_cnn_accelerator_system_clk_wiz_0_0 | clk_out3_cnn_accelerator_system_clk_wiz_0_0 | None      | None-None     | 0            | 0                | 0             | 0       | 16          | 0          | 0          | FDRE/C                    | FDRE/D                  | gic[2].grp_q_ic_reg_rep__8/C | tre_reg[2][1][10]/D |
| Path #2  | 5.000       | 5.029      | 1.746(35%)  | 3.283(65%) | -0.103     | -0.137 | 0.067             | Safely Timed       | Same Clock        | 6            | 5      | FDRE/C-(16)-LUT3-(9)-LUT3-(4)-LUT5-(2)-LUT6-(1)-CARRY4-(1)-CARRY4-FDRE/D | clk_out3_cnn_accelerator_system_clk_wiz_0_0 | clk_out3_cnn_accelerator_system_clk_wiz_0_0 | None      | None-None     | 0            | 0                | 0             | 0       | 16          | 0          | 0          | FDRE/C                    | FDRE/D                  | gic[1].grp_q_ic_reg_rep__1/C | tre_reg[2][3][10]/D |
| Path #3  | 5.000       | 4.999      | 2.046(41%)  | 2.953(59%) | -0.113     | -0.117 | 0.067             | Safely Timed       | Same Clock        | 5            | 5      | FDRE/C-(2)-LUT3-(6)-LUT3-(1)-CARRY4-(1)-CARRY4-CARRY4-FDRE/D             | clk_out3_cnn_accelerator_system_clk_wiz_0_0 | clk_out3_cnn_accelerator_system_clk_wiz_0_0 | None      | None-None     | 0            | 0                | 0             | 0       | 6           | 0          | 0          | FDRE/C                    | FDRE/D                  | gic[1].tile6_q_ic_reg[304]/C | tre_reg[2][1][10]/D |
| Path #4  | 5.000       | 5.067      | 1.609(32%)  | 3.458(68%) | -0.020     | -0.091 | 0.067             | Safely Timed       | Same Clock        | 5            | 5      | FDRE/C-(1)-LUT3-(8)-LUT3-(4)-LUT5-(2)-CARRY4-(1)-CARRY4-FDRE/D           | clk_out3_cnn_accelerator_system_clk_wiz_0_0 | clk_out3_cnn_accelerator_system_clk_wiz_0_0 | None      | None-None     | 0            | 0                | 0             | 0       | 8           | 0          | 0          | FDRE/C                    | FDRE/D                  | gic[2].tile6_q_ic_reg[230]/C | tre_reg[2][2][10]/D |
| Path #5  | 5.000       | 4.949      | 1.749(36%)  | 3.200(64%) | -0.112     | -0.065 | 0.067             | Safely Timed       | Same Clock        | 6            | 5      | FDRE/C-(1)-LUT3-(8)-LUT3-(4)-LUT5-(2)-LUT6-(1)-CARRY4-(1)-CARRY4-FDRE/D  | clk_out3_cnn_accelerator_system_clk_wiz_0_0 | clk_out3_cnn_accelerator_system_clk_wiz_0_0 | None      | None-None     | 0            | 0                | 0             | 0       | 8           | 0          | 0          | FDRE/C                    | FDRE/D                  | gic[3].tile6_q_ic_reg[382]/C | tre_reg[1][5][10]/D |
| Path #6  | 5.000       | 5.008      | 1.750(35%)  | 3.258(65%) | -0.047     | -0.060 | 0.067             | Safely Timed       | Same Clock        | 5            | 5      | FDRE/C-(1)-LUT3-(6)-LUT3-(4)-LUT5-(2)-CARRY4-(1)-CARRY4-FDRE/D           | clk_out3_cnn_accelerator_system_clk_wiz_0_0 | clk_out3_cnn_accelerator_system_clk_wiz_0_0 | None      | None-None     | 0            | 0                | 0             | 0       | 6           | 0          | 0          | FDRE/C                    | FDRE/D                  | gic[3].tile6_q_ic_reg[219]/C | tre_reg[2][1][10]/D |
| Path #7  | 5.000       | 4.937      | 1.986(41%)  | 2.951(59%) | -0.105     | -0.047 | 0.067             | Safely Timed       | Same Clock        | 5            | 5      | FDRE/C-(2)-LUT3-(9)-LUT3-(4)-LUT5-(2)-CARRY4-(1)-CARRY4-FDRE/D           | clk_out3_cnn_accelerator_system_clk_wiz_0_0 | clk_out3_cnn_accelerator_system_clk_wiz_0_0 | None      | None-None     | 0            | 0                | 0             | 0       | 9           | 0          | 0          | FDRE/C                    | FDRE/D                  | gic[2].tile6_q_ic_reg[435]/C | tre_reg[2][3][10]/D |
| Path #8  | 5.000       | 5.040      | 2.102(42%)  | 2.938(58%) | -0.048     | -0.046 | 0.067             | Safely Timed       | Same Clock        | 6            | 5      | FDRE/C-(1)-LUT3-(6)-LUT3-(4)-LUT5-(2)-LUT6-(1)-CARRY4-(1)-CARRY4-FDRE/D  | clk_out3_cnn_accelerator_system_clk_wiz_0_0 | clk_out3_cnn_accelerator_system_clk_wiz_0_0 | None      | None-None     | 0            | 0                | 0             | 0       | 6           | 0          | 0          | FDRE/C                    | FDRE/D                  | gic[3].tile6_q_ic_reg[372]/C | tre_reg[2][5][10]/D |
| Path #9  | 5.000       | 4.987      | 1.880(38%)  | 3.107(62%) | -0.052     | -0.043 | 0.067             | Safely Timed       | Same Clock        | 6            | 5      | FDRE/C-(16)-LUT3-(6)-LUT3-(4)-LUT5-(2)-LUT6-(1)-CARRY4-(1)-CARRY4-FDRE/D | clk_out3_cnn_accelerator_system_clk_wiz_0_0 | clk_out3_cnn_accelerator_system_clk_wiz_0_0 | None      | None-None     | 0            | 0                | 0             | 0       | 16          | 0          | 0          | FDRE/C                    | FDRE/D                  | gic[2].grp_q_ic_reg_rep__5/C | tre_reg[1][0][10]/D |
| Path #10 | 5.000       | 5.004      | 1.547(31%)  | 3.457(69%) | -0.033     | -0.042 | 0.067             | Safely Timed       | Same Clock        | 5            | 5      | FDRE/C-(17)-LUT3-(8)-LUT3-(4)-LUT5-(2)-CARRY4-(1)-CARRY4-FDRE/D          | clk_out3_cnn_accelerator_system_clk_wiz_0_0 | clk_out3_cnn_accelerator_system_clk_wiz_0_0 | None      | None-None     | 0            | 0                | 0             | 0       | 17          | 0          | 0          | FDRE/C                    | FDRE/D                  | gic[2].grp_q_ic_reg_rep__3/C | tre_reg[1][3][10]/D |
+----------+-------------+------------+-------------+------------+------------+--------+-------------------+--------------------+-------------------+--------------+--------+--------------------------------------------------------------------------+---------------------------------------------+---------------------------------------------+-----------+---------------+--------------+------------------+---------------+---------+-------------+------------+------------+---------------------------+-------------------------+------------------------------+---------------------+
* Bounding box calculated as % of dimensions for the target device (244, 400)


