Copyright 1986-2022 Xilinx, Inc. All Rights Reserved. Copyright 2022-2024 Advanced Micro Devices, Inc. All Rights Reserved.
---------------------------------------------------------------------------------------------------------------------------------------------
| Tool Version : Vivado v.2024.1 (win64) Build 5076996 Wed May 22 18:37:14 MDT 2024
| Date         : Fri Jun 12 02:38:56 2026
| Host         : DOHYUNKIM266E running 64-bit major release  (build 9200)
| Command      : report_high_fanout_nets -timing -load_types -max_nets 30 -file C:/Users/gimdohyeon/wino_fanout.rpt
| Design       : cnn_accelerator_system_wrapper
| Device       : xc7a100t
---------------------------------------------------------------------------------------------------------------------------------------------

High Fan-out Nets Information

1. Fanout Summary
-----------------

+-----------------------------------------------------------------------------------------------------------------------------------------------------------------------------------------------------------------------------------+--------+-------------+-----------------+-----------------+-----------------------------+-----------------------------+-----------------------------+-----------------------------+
|                                                                                                                                                                                                                                   |        |             |                 |                 |         Clock Enable        |          Set/Reset          |         Data & Other        |            Clock            |
+-----------------------------------------------------------------------------------------------------------------------------------------------------------------------------------------------------------------------------------+--------+-------------+-----------------+-----------------+-------+----+----------------+-------+----+----------------+-------+----+----------------+-------+----+----------------+
| Net Name                                                                                                                                                                                                                          | Fanout | Driver Type | Worst Slack(ns) | Worst Delay(ns) | Slice | IO | BRAM/DSP/OTHER | Slice | IO | BRAM/DSP/OTHER | Slice | IO | BRAM/DSP/OTHER | Slice | IO | BRAM/DSP/OTHER |
+-----------------------------------------------------------------------------------------------------------------------------------------------------------------------------------------------------------------------------------+--------+-------------+-----------------+-----------------+-------+----+----------------+-------+----+----------------+-------+----+----------------+-------+----+----------------+
| cnn_accelerator_system_i/cnn_accelerator_wino_0/inst/conv2/lane[0].u_mul/wm_addr_q_reg[4]_0[0]                                                                                                                                    |   2944 | FDRE        |          -0.190 |           4.644 |     0 |  0 |              0 |     0 |  0 |              0 |  2944 |  0 |              0 |     0 |  0 |              0 |
| cnn_accelerator_system_i/cnn_accelerator_wino_0/inst/conv2/lane[0].u_mul/wm_addr_q_reg[4]_0[1]                                                                                                                                    |   2944 | FDRE        |          -0.191 |           4.744 |     0 |  0 |              0 |     0 |  0 |              0 |  2944 |  0 |              0 |     0 |  0 |              0 |
| cnn_accelerator_system_i/cnn_accelerator_wino_0/inst/conv2/lane[0].u_mul/wm_addr_q_reg[4]_0[2]                                                                                                                                    |   2944 | FDRE        |          -0.180 |           4.466 |     0 |  0 |              0 |     0 |  0 |              0 |  2944 |  0 |              0 |     0 |  0 |              0 |
| cnn_accelerator_system_i/cnn_accelerator_wino_0/inst/conv2/lane[0].u_mul/wm_addr_q_reg[4]_0[3]                                                                                                                                    |   2944 | FDRE        |          -0.223 |           4.484 |     0 |  0 |              0 |     0 |  0 |              0 |  2944 |  0 |              0 |     0 |  0 |              0 |
| cnn_accelerator_system_i/cnn_accelerator_wino_0/inst/conv2/lane[0].u_mul/wm_addr_q_reg[4]_0[4]                                                                                                                                    |   2944 | FDRE        |          -0.253 |           4.474 |     0 |  0 |              0 |     0 |  0 |              0 |  2944 |  0 |              0 |     0 |  0 |              0 |
| cnn_accelerator_system_i/perif_interconnect_1/m05_couplers/auto_us/inst/gen_upsizer.gen_full_upsizer.axi_upsizer_inst/USE_WRITE.gen_non_fifo_w_upsizer.write_data_inst/reset                                                      |   1247 | LUT1        |           0.974 |           4.154 |     0 |  0 |              0 |  1247 |  0 |              0 |     0 |  0 |              0 |     0 |  0 |              0 |
| cnn_accelerator_system_i/cnn_accelerator_wino_0/inst/conv2/m_re_flat                                                                                                                                                              |   1150 | LUT3        |           0.454 |           3.038 |  1150 |  0 |              0 |     0 |  0 |              0 |     0 |  0 |              0 |     0 |  0 |              0 |
| cnn_accelerator_system_i/microblaze_0/U0/MicroBlaze_Core_I/sync_reset                                                                                                                                                             |   1083 | FDRE        |           0.583 |           8.277 |     0 |  0 |              0 |  1019 |  0 |              0 |    64 |  0 |              0 |     0 |  0 |              0 |
| cnn_accelerator_system_i/perif_interconnect_1/m05_couplers/auto_us/inst/gen_upsizer.gen_full_upsizer.axi_upsizer_inst/USE_READ.gen_non_fifo_r_upsizer.mi_register_slice_inst/r.r_pipe/s_ready_i_reg_0                             |   1053 | FDRE        |           2.090 |           1.522 |   515 |  0 |              0 |     0 |  0 |              0 |   538 |  0 |              0 |     0 |  0 |              0 |
| cnn_accelerator_system_i/fcw_bram_axi/U0/gext_inst.abcv4_0_ext_inst/GEN_AXI4.I_FULL_AXI/I_RD_CHNL/GEN_NO_RD_CMD_OPT.I_WRAP_BRST/SR[0]                                                                                             |    582 | LUT1        |           1.608 |           3.105 |     0 |  0 |              0 |   581 |  0 |              0 |     0 |  1 |              0 |     0 |  0 |              0 |
| cnn_accelerator_system_i/cnn_accelerator_wino_0/inst/u_inputcons_sync/rst_a                                                                                                                                                       |    579 | LUT1        |           0.743 |           6.991 |     0 |  0 |              0 |   579 |  0 |              0 |     0 |  0 |              0 |     0 |  0 |              0 |
| cnn_accelerator_system_i/fcw_bram_axi/U0/gext_inst.abcv4_0_ext_inst/GEN_AXI4.I_FULL_AXI/I_WR_CHNL/GEN_WRDATA[511].bram_wrdata_int[511]_i_1_n_0                                                                                    |    577 | LUT5        |           3.178 |           4.831 |   576 |  0 |              0 |     0 |  0 |              0 |     1 |  0 |              0 |     0 |  0 |              0 |
| cnn_accelerator_system_i/cnn_accelerator_wino_0/inst/conv2/wr_pix_reg[1]                                                                                                                                                          |    519 | FDRE        |           0.039 |           2.993 |     0 |  0 |              0 |     0 |  0 |              0 |   519 |  0 |              0 |     0 |  0 |              0 |
| cnn_accelerator_system_i/perif_interconnect_1/m05_couplers/auto_us/inst/gen_upsizer.gen_full_upsizer.axi_upsizer_inst/USE_READ.gen_non_fifo_r_upsizer.read_data_inst/use_wrap_buffer_reg_0[0]                                     |    517 | LUT6        |           2.265 |           2.952 |   515 |  0 |              0 |     0 |  0 |              0 |     2 |  0 |              0 |     0 |  0 |              0 |
| cnn_accelerator_system_i/cnn_accelerator_wino_0/inst/conv2/u_rb/g_row[0].mem_reg_r1_0_63_0_2_i_1_n_0                                                                                                                              |    516 | LUT4        |           0.467 |           2.065 |   516 |  0 |              0 |     0 |  0 |              0 |     0 |  0 |              0 |     0 |  0 |              0 |
| cnn_accelerator_system_i/cnn_accelerator_wino_0/inst/conv2/u_rb/g_row[2].mem_reg_r1_0_63_0_2_i_1_n_0                                                                                                                              |    516 | LUT4        |          -0.192 |           2.604 |   516 |  0 |              0 |     0 |  0 |              0 |     0 |  0 |              0 |     0 |  0 |              0 |
| cnn_accelerator_system_i/cnn_accelerator_wino_0/inst/conv2/u_rb/g_row[3].mem_reg_r1_0_63_0_2_i_1_n_0                                                                                                                              |    516 | LUT4        |          -0.116 |           2.477 |   516 |  0 |              0 |     0 |  0 |              0 |     0 |  0 |              0 |     0 |  0 |              0 |
| cnn_accelerator_system_i/cnn_accelerator_wino_0/inst/conv2/u_rb/g_row[4].mem_reg_r1_0_63_0_2_i_1_n_0                                                                                                                              |    516 | LUT4        |           0.164 |           2.412 |   516 |  0 |              0 |     0 |  0 |              0 |     0 |  0 |              0 |     0 |  0 |              0 |
| cnn_accelerator_system_i/cnn_accelerator_wino_0/inst/conv2/u_rb/g_row[5].mem_reg_r1_0_63_0_2_i_1_n_0                                                                                                                              |    516 | LUT4        |          -0.008 |           2.726 |   516 |  0 |              0 |     0 |  0 |              0 |     0 |  0 |              0 |     0 |  0 |              0 |
| cnn_accelerator_system_i/cnn_accelerator_wino_0/inst/conv2/u_rb/p_11_in                                                                                                                                                           |    516 | LUT4        |          -0.054 |           2.688 |   516 |  0 |              0 |     0 |  0 |              0 |     0 |  0 |              0 |     0 |  0 |              0 |
| cnn_accelerator_system_i/perif_interconnect_1/m05_couplers/auto_us/inst/gen_upsizer.gen_full_upsizer.axi_upsizer_inst/USE_READ.read_addr_inst/GEN_CMD_QUEUE.cmd_queue/m_valid_i_reg_0[0]                                          |    515 | LUT5        |           4.247 |           3.634 |   514 |  0 |              0 |     0 |  0 |              0 |     1 |  0 |              0 |     0 |  0 |              0 |
| cnn_accelerator_system_i/fcw_bram_axi/U0/gext_inst.abcv4_0_ext_inst/GEN_AXI4.I_FULL_AXI/I_RD_CHNL/rddata_mux_sel                                                                                                                  |    513 | FDRE        |           2.779 |           6.475 |     0 |  0 |              0 |     0 |  0 |              0 |   513 |  0 |              0 |     0 |  0 |              0 |
| cnn_accelerator_system_i/fcw_bram_axi/U0/gext_inst.abcv4_0_ext_inst/GEN_AXI4.I_FULL_AXI/I_RD_CHNL/GEN_NO_RD_CMD_OPT.GEN_RDATA_NO_ECC.GEN_RDATA_NO_RL_NO_ECC.GEN_RDATA[511].axi_rdata_int[511]_i_1_n_0                             |    512 | LUT3        |           2.067 |           3.171 |     0 |  0 |              0 |   512 |  0 |              0 |     0 |  0 |              0 |     0 |  0 |              0 |
| cnn_accelerator_system_i/fcw_bram_axi/U0/gext_inst.abcv4_0_ext_inst/GEN_AXI4.I_FULL_AXI/I_RD_CHNL/axi_rdata_en                                                                                                                    |    512 | LUT6        |           3.152 |           4.139 |   512 |  0 |              0 |     0 |  0 |              0 |     0 |  0 |              0 |     0 |  0 |              0 |
| cnn_accelerator_system_i/fcw_bram_axi/U0/gext_inst.abcv4_0_ext_inst/GEN_AXI4.I_FULL_AXI/I_RD_CHNL/rd_skid_buf_ld                                                                                                                  |    512 | LUT6        |           1.972 |           5.090 |   512 |  0 |              0 |     0 |  0 |              0 |     0 |  0 |              0 |     0 |  0 |              0 |
| cnn_accelerator_system_i/cnn_accelerator_wino_0/inst/conv2/acc_re_repN                                                                                                                                                            |    474 | LUT3        |           0.335 |           2.158 |   474 |  0 |              0 |     0 |  0 |              0 |     0 |  0 |              0 |     0 |  0 |              0 |
| cnn_accelerator_system_i/perif_interconnect_1/m05_couplers/auto_us/inst/gen_upsizer.gen_full_upsizer.axi_upsizer_inst/USE_WRITE.write_addr_inst/GEN_CMD_QUEUE.cmd_queue/USE_FF_OUT.USE_RTL_OUTPUT_PIPELINE.M_VALID_Q_reg_1_repN_1 |    423 | LUT4        |           2.380 |           1.598 |     0 |  0 |              0 |   423 |  0 |              0 |     0 |  0 |              0 |     0 |  0 |              0 |
| cnn_accelerator_system_i/ram_interconnect/s02_couplers/auto_us/inst/gen_upsizer.gen_full_upsizer.axi_upsizer_inst/USE_WRITE.gen_non_fifo_w_upsizer.write_data_inst/s_axi_aresetn                                                  |    401 | LUT1        |           1.191 |           5.967 |     0 |  0 |              0 |   401 |  0 |              0 |     0 |  0 |              0 |     0 |  0 |              0 |
| cnn_accelerator_system_i/ram_interconnect/s01_couplers/auto_us/inst/gen_upsizer.gen_full_upsizer.axi_upsizer_inst/USE_WRITE.gen_non_fifo_w_upsizer.write_data_inst/s_axi_aresetn                                                  |    401 | LUT1        |           1.091 |           5.710 |     0 |  0 |              0 |   401 |  0 |              0 |     0 |  0 |              0 |     0 |  0 |              0 |
| cnn_accelerator_system_i/cnn_accelerator_wino_0/inst/fc/pe_en__0_repN                                                                                                                                                             |    400 | LUT4        |           0.456 |           2.081 |   349 |  0 |             51 |     0 |  0 |              0 |     0 |  0 |              0 |     0 |  0 |              0 |
+-----------------------------------------------------------------------------------------------------------------------------------------------------------------------------------------------------------------------------------+--------+-------------+-----------------+-----------------+-------+----+----------------+-------+----+----------------+-------+----+----------------+-------+----+----------------+


