Copyright 1986-2022 Xilinx, Inc. All Rights Reserved. Copyright 2022-2024 Advanced Micro Devices, Inc. All Rights Reserved.
---------------------------------------------------------------------------------------------------------------------------------------------
| Tool Version : Vivado v.2024.1 (win64) Build 5076996 Wed May 22 18:37:14 MDT 2024
| Date         : Fri Jun 12 02:38:49 2026
| Host         : DOHYUNKIM266E running 64-bit major release  (build 9200)
| Command      : report_design_analysis -timing -max_paths 15 -file C:/Users/gimdohyeon/wino_design_analysis.rpt
| Design       : cnn_accelerator_system_wrapper
| Device       : xc7a100t
| Design State : Routed
---------------------------------------------------------------------------------------------------------------------------------------------

Report Design Analysis

Table of Contents
-----------------
1. Setup Path Characteristics 1-15

1. Setup Path Characteristics 1-15
----------------------------------

+----------+-------------+------------+-------------+------------+------------+--------+-------------------+--------------------+-------------------+--------------+--------+------------------------------------------+---------------------------------------------+---------------------------------------------+-----------+---------------+--------------+------------------+---------------+---------+-------------+------------+------------+---------------------------+-------------------------+-----------------+---------------+
|   Paths  | Requirement | Path Delay | Logic Delay |  Net Delay | Clock Skew |  Slack | Clock Uncertainty | Clock Relationship | Clock Delay Group | Logic Levels | Routes |               Logical Path               |              Start Point Clock              |               End Point Clock               | DSP Block | RAM Registers | IO Crossings | Config Crossings | SLR Crossings | PBlocks | High Fanout | Dont Touch | Mark Debug | Start Point Pin Primitive | End Point Pin Primitive | Start Point Pin | End Point Pin |
+----------+-------------+------------+-------------+------------+------------+--------+-------------------+--------------------+-------------------+--------------+--------+------------------------------------------+---------------------------------------------+---------------------------------------------+-----------+---------------+--------------+------------------+---------------+---------+-------------+------------+------------+---------------------------+-------------------------+-----------------+---------------+
| Path #1  | 5.000       | 4.663      | 0.699(15%)  | 3.964(85%) | 0.054      | -0.417 | 0.067             | Safely Timed       | Same Clock        | 2            | 3      | FDRE/C-(15)-LUT5-(10)-LUT5-(8)-RAMD32/WE | clk_out3_cnn_accelerator_system_clk_wiz_0_0 | clk_out3_cnn_accelerator_system_clk_wiz_0_0 | None      | None-None     | 0            | 0                | 0             | 0       | 15          | 0          | 0          | FDRE/C                    | RAMD32/WE               | wm_we_q_reg/C   | RAMA/WE       |
| Path #2  | 5.000       | 4.663      | 0.699(15%)  | 3.964(85%) | 0.054      | -0.417 | 0.067             | Safely Timed       | Same Clock        | 2            | 3      | FDRE/C-(15)-LUT5-(10)-LUT5-(8)-RAMD32/WE | clk_out3_cnn_accelerator_system_clk_wiz_0_0 | clk_out3_cnn_accelerator_system_clk_wiz_0_0 | None      | None-None     | 0            | 0                | 0             | 0       | 15          | 0          | 0          | FDRE/C                    | RAMD32/WE               | wm_we_q_reg/C   | RAMA_D1/WE    |
| Path #3  | 5.000       | 4.663      | 0.699(15%)  | 3.964(85%) | 0.054      | -0.417 | 0.067             | Safely Timed       | Same Clock        | 2            | 3      | FDRE/C-(15)-LUT5-(10)-LUT5-(8)-RAMD32/WE | clk_out3_cnn_accelerator_system_clk_wiz_0_0 | clk_out3_cnn_accelerator_system_clk_wiz_0_0 | None      | None-None     | 0            | 0                | 0             | 0       | 15          | 0          | 0          | FDRE/C                    | RAMD32/WE               | wm_we_q_reg/C   | RAMB/WE       |
| Path #4  | 5.000       | 4.663      | 0.699(15%)  | 3.964(85%) | 0.054      | -0.417 | 0.067             | Safely Timed       | Same Clock        | 2            | 3      | FDRE/C-(15)-LUT5-(10)-LUT5-(8)-RAMD32/WE | clk_out3_cnn_accelerator_system_clk_wiz_0_0 | clk_out3_cnn_accelerator_system_clk_wiz_0_0 | None      | None-None     | 0            | 0                | 0             | 0       | 15          | 0          | 0          | FDRE/C                    | RAMD32/WE               | wm_we_q_reg/C   | RAMB_D1/WE    |
| Path #5  | 5.000       | 4.663      | 0.699(15%)  | 3.964(85%) | 0.054      | -0.417 | 0.067             | Safely Timed       | Same Clock        | 2            | 3      | FDRE/C-(15)-LUT5-(10)-LUT5-(8)-RAMD32/WE | clk_out3_cnn_accelerator_system_clk_wiz_0_0 | clk_out3_cnn_accelerator_system_clk_wiz_0_0 | None      | None-None     | 0            | 0                | 0             | 0       | 15          | 0          | 0          | FDRE/C                    | RAMD32/WE               | wm_we_q_reg/C   | RAMC/WE       |
| Path #6  | 5.000       | 4.663      | 0.699(15%)  | 3.964(85%) | 0.054      | -0.417 | 0.067             | Safely Timed       | Same Clock        | 2            | 3      | FDRE/C-(15)-LUT5-(10)-LUT5-(8)-RAMD32/WE | clk_out3_cnn_accelerator_system_clk_wiz_0_0 | clk_out3_cnn_accelerator_system_clk_wiz_0_0 | None      | None-None     | 0            | 0                | 0             | 0       | 15          | 0          | 0          | FDRE/C                    | RAMD32/WE               | wm_we_q_reg/C   | RAMC_D1/WE    |
| Path #7  | 5.000       | 4.663      | 0.699(15%)  | 3.964(85%) | 0.054      | -0.417 | 0.067             | Safely Timed       | Same Clock        | 2            | 3      | FDRE/C-(15)-LUT5-(10)-LUT5-(8)-RAMS32/WE | clk_out3_cnn_accelerator_system_clk_wiz_0_0 | clk_out3_cnn_accelerator_system_clk_wiz_0_0 | None      | None-None     | 0            | 0                | 0             | 0       | 15          | 0          | 0          | FDRE/C                    | RAMS32/WE               | wm_we_q_reg/C   | RAMD/WE       |
| Path #8  | 5.000       | 4.663      | 0.699(15%)  | 3.964(85%) | 0.054      | -0.417 | 0.067             | Safely Timed       | Same Clock        | 2            | 3      | FDRE/C-(15)-LUT5-(10)-LUT5-(8)-RAMS32/WE | clk_out3_cnn_accelerator_system_clk_wiz_0_0 | clk_out3_cnn_accelerator_system_clk_wiz_0_0 | None      | None-None     | 0            | 0                | 0             | 0       | 15          | 0          | 0          | FDRE/C                    | RAMS32/WE               | wm_we_q_reg/C   | RAMD_D1/WE    |
| Path #9  | 5.000       | 4.830      | 0.704(15%)  | 4.126(85%) | 0.060      | -0.370 | 0.067             | Safely Timed       | Same Clock        | 2            | 3      | FDRE/C-(15)-LUT5-(10)-LUT5-(8)-RAMD32/WE | clk_out3_cnn_accelerator_system_clk_wiz_0_0 | clk_out3_cnn_accelerator_system_clk_wiz_0_0 | None      | None-None     | 0            | 0                | 0             | 0       | 15          | 0          | 0          | FDRE/C                    | RAMD32/WE               | wm_we_q_reg/C   | RAMA/WE       |
| Path #10 | 5.000       | 4.830      | 0.704(15%)  | 4.126(85%) | 0.060      | -0.370 | 0.067             | Safely Timed       | Same Clock        | 2            | 3      | FDRE/C-(15)-LUT5-(10)-LUT5-(8)-RAMD32/WE | clk_out3_cnn_accelerator_system_clk_wiz_0_0 | clk_out3_cnn_accelerator_system_clk_wiz_0_0 | None      | None-None     | 0            | 0                | 0             | 0       | 15          | 0          | 0          | FDRE/C                    | RAMD32/WE               | wm_we_q_reg/C   | RAMA_D1/WE    |
| Path #11 | 5.000       | 4.830      | 0.704(15%)  | 4.126(85%) | 0.060      | -0.370 | 0.067             | Safely Timed       | Same Clock        | 2            | 3      | FDRE/C-(15)-LUT5-(10)-LUT5-(8)-RAMD32/WE | clk_out3_cnn_accelerator_system_clk_wiz_0_0 | clk_out3_cnn_accelerator_system_clk_wiz_0_0 | None      | None-None     | 0            | 0                | 0             | 0       | 15          | 0          | 0          | FDRE/C                    | RAMD32/WE               | wm_we_q_reg/C   | RAMB/WE       |
| Path #12 | 5.000       | 4.830      | 0.704(15%)  | 4.126(85%) | 0.060      | -0.370 | 0.067             | Safely Timed       | Same Clock        | 2            | 3      | FDRE/C-(15)-LUT5-(10)-LUT5-(8)-RAMD32/WE | clk_out3_cnn_accelerator_system_clk_wiz_0_0 | clk_out3_cnn_accelerator_system_clk_wiz_0_0 | None      | None-None     | 0            | 0                | 0             | 0       | 15          | 0          | 0          | FDRE/C                    | RAMD32/WE               | wm_we_q_reg/C   | RAMB_D1/WE    |
| Path #13 | 5.000       | 4.830      | 0.704(15%)  | 4.126(85%) | 0.060      | -0.370 | 0.067             | Safely Timed       | Same Clock        | 2            | 3      | FDRE/C-(15)-LUT5-(10)-LUT5-(8)-RAMD32/WE | clk_out3_cnn_accelerator_system_clk_wiz_0_0 | clk_out3_cnn_accelerator_system_clk_wiz_0_0 | None      | None-None     | 0            | 0                | 0             | 0       | 15          | 0          | 0          | FDRE/C                    | RAMD32/WE               | wm_we_q_reg/C   | RAMC/WE       |
| Path #14 | 5.000       | 4.830      | 0.704(15%)  | 4.126(85%) | 0.060      | -0.370 | 0.067             | Safely Timed       | Same Clock        | 2            | 3      | FDRE/C-(15)-LUT5-(10)-LUT5-(8)-RAMD32/WE | clk_out3_cnn_accelerator_system_clk_wiz_0_0 | clk_out3_cnn_accelerator_system_clk_wiz_0_0 | None      | None-None     | 0            | 0                | 0             | 0       | 15          | 0          | 0          | FDRE/C                    | RAMD32/WE               | wm_we_q_reg/C   | RAMC_D1/WE    |
| Path #15 | 5.000       | 4.830      | 0.704(15%)  | 4.126(85%) | 0.060      | -0.370 | 0.067             | Safely Timed       | Same Clock        | 2            | 3      | FDRE/C-(15)-LUT5-(10)-LUT5-(8)-RAMS32/WE | clk_out3_cnn_accelerator_system_clk_wiz_0_0 | clk_out3_cnn_accelerator_system_clk_wiz_0_0 | None      | None-None     | 0            | 0                | 0             | 0       | 15          | 0          | 0          | FDRE/C                    | RAMS32/WE               | wm_we_q_reg/C   | RAMD/WE       |
+----------+-------------+------------+-------------+------------+------------+--------+-------------------+--------------------+-------------------+--------------+--------+------------------------------------------+---------------------------------------------+---------------------------------------------+-----------+---------------+--------------+------------------+---------------+---------+-------------+------------+------------+---------------------------+-------------------------+-----------------+---------------+
* Bounding box calculated as % of dimensions for the target device (244, 400)


