Copyright 1986-2022 Xilinx, Inc. All Rights Reserved. Copyright 2022-2024 Advanced Micro Devices, Inc. All Rights Reserved.
---------------------------------------------------------------------------------------------------------------------------------------------
| Tool Version : Vivado v.2024.1 (win64) Build 5076996 Wed May 22 18:37:14 MDT 2024
| Date         : Thu Jun 11 21:08:06 2026
| Host         : DOHYUNKIM266E running 64-bit major release  (build 9200)
| Command      : report_utilization -file C:/Users/gimdohyeon/wino_util_synth.rpt
| Design       : cnn_accelerator_system_wrapper
| Device       : xc7a100tcsg324-1
| Speed File   : -1
| Design State : Synthesized
---------------------------------------------------------------------------------------------------------------------------------------------

Utilization Design Information

Table of Contents
-----------------
1. Slice Logic
1.1 Summary of Registers by Type
2. Memory
3. DSP
4. IO and GT Specific
5. Clocking
6. Specific Feature
7. Primitives
8. Black Boxes
9. Instantiated Netlists

1. Slice Logic
--------------

+----------------------------+-------+-------+------------+-----------+-------+
|          Site Type         |  Used | Fixed | Prohibited | Available | Util% |
+----------------------------+-------+-------+------------+-----------+-------+
| Slice LUTs*                | 48110 |     0 |          0 |     63400 | 75.88 |
|   LUT as Logic             | 42663 |     0 |          0 |     63400 | 67.29 |
|   LUT as Memory            |  5447 |     0 |          0 |     19000 | 28.67 |
|     LUT as Distributed RAM |  2408 |     0 |            |           |       |
|     LUT as Shift Register  |  3039 |     0 |            |           |       |
| Slice Registers            | 62221 |     0 |          0 |    126800 | 49.07 |
|   Register as Flip Flop    | 62217 |     0 |          0 |    126800 | 49.07 |
|   Register as Latch        |     0 |     0 |          0 |    126800 |  0.00 |
|   Register as AND/OR       |     4 |     0 |          0 |    126800 | <0.01 |
| F7 Muxes                   |  2529 |     0 |          0 |     31700 |  7.98 |
| F8 Muxes                   |   693 |     0 |          0 |     15850 |  4.37 |
+----------------------------+-------+-------+------------+-----------+-------+
* Warning! The Final LUT count, after physical optimizations and full implementation, is typically lower. Run opt_design after synthesis, if not already completed, for a more realistic count.
Warning! LUT value is adjusted to account for LUT combining.
Warning! For any ECO changes, please run place_design if there are unplaced instances


1.1 Summary of Registers by Type
--------------------------------

+-------+--------------+-------------+--------------+
| Total | Clock Enable | Synchronous | Asynchronous |
+-------+--------------+-------------+--------------+
| 4     |            _ |           - |            - |
| 0     |            _ |           - |          Set |
| 0     |            _ |           - |        Reset |
| 0     |            _ |         Set |            - |
| 0     |            _ |       Reset |            - |
| 0     |          Yes |           - |            - |
| 808   |          Yes |           - |          Set |
| 239   |          Yes |           - |        Reset |
| 277   |          Yes |         Set |            - |
| 60893 |          Yes |       Reset |            - |
+-------+--------------+-------------+--------------+


2. Memory
---------

+-------------------+------+-------+------------+-----------+-------+
|     Site Type     | Used | Fixed | Prohibited | Available | Util% |
+-------------------+------+-------+------------+-----------+-------+
| Block RAM Tile    | 56.5 |     0 |          0 |       135 | 41.85 |
|   RAMB36/FIFO*    |   55 |     0 |          0 |       135 | 40.74 |
|     RAMB36E1 only |   55 |       |            |           |       |
|   RAMB18          |    3 |     0 |          0 |       270 |  1.11 |
|     RAMB18E1 only |    3 |       |            |           |       |
+-------------------+------+-------+------------+-----------+-------+
* Note: Each Block RAM Tile only has one FIFO logic available and therefore can accommodate only one FIFO36E1 or one FIFO18E1. However, if a FIFO18E1 occupies a Block RAM Tile, that tile can still accommodate a RAMB18E1


3. DSP
------

+----------------+------+-------+------------+-----------+-------+
|    Site Type   | Used | Fixed | Prohibited | Available | Util% |
+----------------+------+-------+------------+-----------+-------+
| DSPs           |  236 |     0 |          0 |       240 | 98.33 |
|   DSP48E1 only |  236 |       |            |           |       |
+----------------+------+-------+------------+-----------+-------+


4. IO and GT Specific
---------------------

+-----------------------------+------+-------+------------+-----------+-------+
|          Site Type          | Used | Fixed | Prohibited | Available | Util% |
+-----------------------------+------+-------+------------+-----------+-------+
| Bonded IOB                  |   52 |    52 |          0 |       210 | 24.76 |
|   IOB Master Pads           |   26 |       |            |           |       |
|   IOB Slave Pads            |   24 |       |            |           |       |
| Bonded IPADs                |    0 |     0 |          0 |         2 |  0.00 |
| PHY_CONTROL                 |    1 |     1 |          0 |         6 | 16.67 |
| PHASER_REF                  |    1 |     1 |          0 |         6 | 16.67 |
| OUT_FIFO                    |    4 |     4 |          0 |        24 | 16.67 |
| IN_FIFO                     |    2 |     2 |          0 |        24 |  8.33 |
| IDELAYCTRL                  |    1 |     0 |          0 |         6 | 16.67 |
| IBUFDS                      |    0 |     0 |          0 |       202 |  0.00 |
| PHASER_OUT/PHASER_OUT_PHY   |    4 |     4 |          0 |        24 | 16.67 |
|   PHASER_OUT_PHY only       |    4 |     4 |            |           |       |
| PHASER_IN/PHASER_IN_PHY     |    2 |     2 |          0 |        24 |  8.33 |
|   PHASER_IN_PHY only        |    2 |     2 |            |           |       |
| IDELAYE2/IDELAYE2_FINEDELAY |   16 |    16 |          0 |       300 |  5.33 |
|   IDELAYE2 only             |   16 |    16 |            |           |       |
| ILOGIC                      |   16 |    16 |          0 |       210 |  7.62 |
|   ISERDES                   |   16 |    16 |          0 |       210 |       |
| OLOGIC                      |   46 |    46 |          0 |       210 | 21.90 |
|   OUTFF_ODDR_Register       |    3 |     3 |            |           |       |
|   TFF_ODDR_Register         |    2 |     2 |            |           |       |
|   OSERDES                   |   43 |    43 |          0 |       210 |       |
+-----------------------------+------+-------+------------+-----------+-------+


5. Clocking
-----------

+------------+------+-------+------------+-----------+-------+
|  Site Type | Used | Fixed | Prohibited | Available | Util% |
+------------+------+-------+------------+-----------+-------+
| BUFGCTRL   |    9 |     0 |          0 |        32 | 28.13 |
| BUFIO      |    0 |     0 |          0 |        24 |  0.00 |
| MMCME2_ADV |    2 |     1 |          0 |         6 | 33.33 |
| PLLE2_ADV  |    1 |     1 |          0 |         6 | 16.67 |
| BUFMRCE    |    0 |     0 |          0 |        12 |  0.00 |
| BUFHCE     |    1 |     0 |          0 |        96 |  1.04 |
| BUFR       |    0 |     0 |          0 |        24 |  0.00 |
+------------+------+-------+------------+-----------+-------+


6. Specific Feature
-------------------

+-------------+------+-------+------------+-----------+--------+
|  Site Type  | Used | Fixed | Prohibited | Available |  Util% |
+-------------+------+-------+------------+-----------+--------+
| BSCANE2     |    1 |     0 |          0 |         4 |  25.00 |
| CAPTUREE2   |    0 |     0 |          0 |         1 |   0.00 |
| DNA_PORT    |    0 |     0 |          0 |         1 |   0.00 |
| EFUSE_USR   |    0 |     0 |          0 |         1 |   0.00 |
| FRAME_ECCE2 |    0 |     0 |          0 |         1 |   0.00 |
| ICAPE2      |    0 |     0 |          0 |         2 |   0.00 |
| PCIE_2_1    |    0 |     0 |          0 |         1 |   0.00 |
| STARTUPE2   |    0 |     0 |          0 |         1 |   0.00 |
| XADC        |    1 |     0 |          0 |         1 | 100.00 |
+-------------+------+-------+------------+-----------+--------+


7. Primitives
-------------

+--------------------------+-------+---------------------+
|         Ref Name         |  Used | Functional Category |
+--------------------------+-------+---------------------+
| FDRE                     | 60893 |        Flop & Latch |
| LUT6                     | 18438 |                 LUT |
| LUT3                     | 10221 |                 LUT |
| LUT2                     |  8502 |                 LUT |
| LUT5                     |  6038 |                 LUT |
| LUT4                     |  5036 |                 LUT |
| CARRY4                   |  3968 |          CarryLogic |
| RAMD32                   |  3506 |  Distributed Memory |
| SRL16E                   |  2718 |  Distributed Memory |
| MUXF7                    |  2529 |               MuxFx |
| LUT1                     |  1254 |                 LUT |
| RAMS32                   |  1142 |  Distributed Memory |
| FDPE                     |   808 |        Flop & Latch |
| MUXF8                    |   693 |               MuxFx |
| SRLC32E                  |   313 |  Distributed Memory |
| FDSE                     |   277 |        Flop & Latch |
| FDCE                     |   239 |        Flop & Latch |
| DSP48E1                  |   236 |    Block Arithmetic |
| RAMB36E1                 |    55 |        Block Memory |
| RAMD64E                  |    44 |  Distributed Memory |
| OSERDESE2                |    43 |                  IO |
| OBUF                     |    25 |                  IO |
| OBUFT                    |    18 |                  IO |
| ISERDESE2                |    16 |                  IO |
| IDELAYE2                 |    16 |                  IO |
| IBUF_INTERMDISABLE       |    16 |                  IO |
| BUFG                     |     9 |               Clock |
| SRLC16E                  |     8 |  Distributed Memory |
| ODDR                     |     5 |                  IO |
| PHASER_OUT_PHY           |     4 |                  IO |
| OUT_FIFO                 |     4 |                  IO |
| OBUFTDS                  |     4 |                  IO |
| IBUFDS_INTERMDISABLE_INT |     4 |                  IO |
| AND2B1L                  |     4 |              Others |
| RAMB18E1                 |     3 |        Block Memory |
| INV                      |     3 |                 LUT |
| IBUF                     |     3 |                  IO |
| PHASER_IN_PHY            |     2 |                  IO |
| OBUFDS                   |     2 |                  IO |
| MMCME2_ADV               |     2 |               Clock |
| IN_FIFO                  |     2 |                  IO |
| XADC                     |     1 |              Others |
| PLLE2_ADV                |     1 |               Clock |
| PHY_CONTROL              |     1 |                  IO |
| PHASER_REF               |     1 |                  IO |
| IDELAYCTRL               |     1 |                  IO |
| BUFH                     |     1 |               Clock |
| BSCANE2                  |     1 |              Others |
+--------------------------+-------+---------------------+


8. Black Boxes
--------------

+----------+------+
| Ref Name | Used |
+----------+------+


9. Instantiated Netlists
------------------------

+----------+------+
| Ref Name | Used |
+----------+------+


