worstSlack    count   endpoint-class
------------------------------------------------------------------------------------------
    -0.342       99   conv2/gic.u_it/tre_reg
    -0.302       11   conv2/lane.u_mul/g_wpe.wmem_op_reg_0_31_6_11/RAMB
    -0.302       11   conv2/lane.u_mul/g_wpe.wmem_op_reg_0_31_6_11/RAMC
    -0.302       11   conv2/lane.u_mul/g_wpe.wmem_op_reg_0_31_6_11/RAMD
    -0.302       11   conv2/lane.u_mul/g_wpe.wmem_op_reg_0_31_6_11/RAMB_D1
    -0.302       11   conv2/lane.u_mul/g_wpe.wmem_op_reg_0_31_6_11/RAMD_D1
    -0.302       11   conv2/lane.u_mul/g_wpe.wmem_op_reg_0_31_6_11/RAMA_D1
    -0.302       11   conv2/lane.u_mul/g_wpe.wmem_op_reg_0_31_6_11/RAMC_D1
    -0.302       11   conv2/lane.u_mul/g_wpe.wmem_op_reg_0_31_6_11/RAMA
    -0.298       27   cnn_accelerator_system_i/ram_interconnect/s02_couplers/auto_us/inst/gen_upsizer.gen_full_upsizer.axi_upsizer_inst/USE_WRITE.gen_non_fifo_w_upsizer.write_data_inst/WORD_LANE.USE_ALWAYS_PACKER.BYTE_LANE.USE_RTL_DATA.USE_REGISTER.M_AXI_WDATA_I_reg
    -0.205       12   conv2/lane.u_mul/g_wpe.wmem_op_reg_0_31_0_5/RAMB_D1
    -0.205       12   conv2/lane.u_mul/g_wpe.wmem_op_reg_0_31_0_5/RAMD_D1
    -0.205       12   conv2/lane.u_mul/g_wpe.wmem_op_reg_0_31_0_5/RAMA
    -0.205       12   conv2/lane.u_mul/g_wpe.wmem_op_reg_0_31_0_5/RAMB
    -0.205       12   conv2/lane.u_mul/g_wpe.wmem_op_reg_0_31_0_5/RAMC
    -0.205       12   conv2/lane.u_mul/g_wpe.wmem_op_reg_0_31_0_5/RAMD
    -0.205       12   conv2/lane.u_mul/g_wpe.wmem_op_reg_0_31_0_5/RAMA_D1
    -0.205       12   conv2/lane.u_mul/g_wpe.wmem_op_reg_0_31_0_5/RAMC_D1
    -0.174        1   conv2/gpre_q_reg
    -0.158        1   conv2/tile_cnt_reg_rep__20
    -0.125        4   conv2/tile6_q_reg
    -0.122        1   conv2/tile_cnt_reg_rep__24
    -0.109        8   cnn_accelerator_system_i/ram_interconnect/s01_couplers/auto_us/inst/gen_upsizer.gen_full_upsizer.axi_upsizer_inst/USE_WRITE.gen_non_fifo_w_upsizer.write_data_inst/WORD_LANE.USE_ALWAYS_PACKER.BYTE_LANE.USE_RTL_DATA.USE_REGISTER.M_AXI_WDATA_I_reg
    -0.101        1   conv2/tile_cnt_reg_rep__17
    -0.088        2   conv2/gpim_q_reg
    -0.052        1   conv2/trow_cnt_reg_rep__21
    -0.052        1   conv2/tile_cnt_reg_rep__28
    -0.044        2   conv2/u_ot/y16_flat_reg
    -0.030        1   conv2/tile_cnt_reg_rep__11
    -0.015        1   conv2/tile_cnt_reg_rep__10
    -0.012        1   conv2/u_rb/g_row.mem_reg_r5_0_63_18_20/RAMA
    -0.012        1   conv2/u_rb/g_row.mem_reg_r5_0_63_18_20/RAMB
    -0.012        1   conv2/u_rb/g_row.mem_reg_r5_0_63_18_20/RAMC
    -0.012        1   conv2/u_rb/g_row.mem_reg_r5_0_63_18_20/RAMD
    -0.009        3   conv2/lane.u_mul/g_wpe.w_q_op_reg
    -0.002        1   conv2/u_rb/g_row.mem_reg_r5_0_63_33_35/RAMA
    -0.002        1   conv2/u_rb/g_row.mem_reg_r5_0_63_33_35/RAMB
    -0.002        1   conv2/u_rb/g_row.mem_reg_r5_0_63_33_35/RAMC
    -0.002        1   conv2/u_rb/g_row.mem_reg_r5_0_63_33_35/RAMD
